 HVDService

 Timestamp is 4b39c1b0 (Tue Dec 29 16:45:36 2009)

 Preferred load address is 10000000

 Start         Length     Name                   Class
 0001:00000000 00027c59H .textbss                DATA
 0002:00000000 000509a9H .text                   CODE
 0002:000509b0 00002e75H .text$x                 CODE
 0002:00053830 00001dd0H .text$yc                CODE
 0002:00055600 00001037H .text$yd                CODE
 0003:00000000 00000104H .CRT$XCA                DATA
 0003:00000104 0000010eH .CRT$XCC                DATA
 0003:00000214 00000181H .CRT$XCL                DATA
 0003:00000398 0000013eH .CRT$XCU                DATA
 0003:000004d8 00000104H .CRT$XCZ                DATA
 0003:000005dc 00000104H .CRT$XIA                DATA
 0003:000006e0 00000104H .CRT$XIAA               DATA
 0003:000007e4 00000104H .CRT$XIC                DATA
 0003:000008e8 00000104H .CRT$XIZ                DATA
 0003:000009f0 0001654cH .rdata                  DATA
 0003:00016f3c 0000016fH .rdata$debug            DATA
 0003:000170ac 00001925H .rdata$r                DATA
 0003:000189d4 00000104H .rtc$IAA                DATA
 0003:00018ad8 00000169H .rtc$IMZ                DATA
 0003:00018c44 00000104H .rtc$IZZ                DATA
 0003:00018d48 00000104H .rtc$TAA                DATA
 0003:00018e4c 00000169H .rtc$TMZ                DATA
 0003:00018fb8 00000104H .rtc$TZZ                DATA
 0003:000190c0 000020aeH .xdata$x                DATA
 0003:0001b170 00000104H ATL$__a                 DATA
 0003:0001b274 00000104H ATL$__z                 DATA
 0003:0001b380 00000162H .edata                  DATA
 0004:00000000 00003bedH .data                   DATA
 0004:00003bf0 00003fc8H .bss                    DATA
 0005:00000000 000000dcH .idata$2                DATA
 0005:000000dc 00000014H .idata$3                DATA
 0005:000000f0 0000057cH .idata$4                DATA
 0005:0000066c 0000057cH .idata$5                DATA
 0005:00000be8 00001193H .idata$6                DATA
 0006:00000000 000001c0H .rsrc$01                DATA
 0006:000001c0 00000eccH .rsrc$02                DATA

  Address         Publics by Value              Rva+Base       Lib:Object

 0000:00000000       ___safe_se_handler_count   00000000     <absolute>
 0000:00000000       ___safe_se_handler_table   00000000     <absolute>
 0000:00000000       __except_list              00000000     <absolute>
 0000:00009876       __ldused                   00009876     <absolute>
 0000:00009876       __fltused                  00009876     <absolute>
 0000:00000000       ___ImageBase               10000000     <linker-defined>
 0001:00000000       __enc$textbss$begin        10001000     <linker-defined>
 0001:00027c59       __enc$textbss$end          10028c59     <linker-defined>
 0002:000035b0       ??0CFastCompositingDevice@@QAE@PAUHINSTANCE__@@PAUIDirect3DDevice9@@W4_FASTCOMP_MODE@@@Z 1002c5b0 f   FastCompositingDevice.obj
 0002:00003b10       _IsEqualGUID               1002cb10 f i FastCompositingDevice.obj
 0002:00003b70       ??1CFastCompositingDevice@@QAE@XZ 1002cb70 f   FastCompositingDevice.obj
 0002:00003ce0       ?CreateSurface@CFastCompositingDevice@@QAEJIIIW4_D3DFORMAT@@W4_D3DPOOL@@KKPAPAUIDirect3DSurface9@@PAPAX@Z 1002cce0 f   FastCompositingDevice.obj
 0002:00003da0       ?QueryCaps@CFastCompositingDevice@@QAEJPAPAU_FASTCOMP_CAPS@@@Z 1002cda0 f   FastCompositingDevice.obj
 0002:00003f40       ?QueryCaps2@CFastCompositingDevice@@QAEJPAPAU_FASTCOMP_CAPS2@@@Z 1002cf40 f   FastCompositingDevice.obj
 0002:00004110       ?QueryFormats@CFastCompositingDevice@@QAEJPAPAU_FASTCOMP_SAMPLE_FORMATS@@@Z 1002d110 f   FastCompositingDevice.obj
 0002:000046e0       ?QueryFrameRate@CFastCompositingDevice@@QAEHHHHHH@Z 1002d6e0 f   FastCompositingDevice.obj
 0002:00004810       ?CreateServiceA@CFastCompositingDevice@@QAEJPAU_DXVA2_VideoDesc@@W4_D3DFORMAT@@I@Z 1002d810 f   FastCompositingDevice.obj
 0002:00004a20       ?Register@CFastCompositingDevice@@QAEJPAPAUIDirect3DSurface9@@HH@Z 1002da20 f   FastCompositingDevice.obj
 0002:00004e30       ?ResetBltParams@CFastCompositingDevice@@SAXPAU_FASTCOMP_BLT_PARAMS@@@Z 1002de30 f   FastCompositingDevice.obj
 0002:00004e80       ?FastCopy@CFastCompositingDevice@@QAEJPAUIDirect3DSurface9@@0PAUtagRECT@@1HHK@Z 1002de80 f   FastCompositingDevice.obj
 0002:000054b0       ?FastCompositingBlt@CFastCompositingDevice@@QAEJPAU_FASTCOMP_BLT_PARAMS@@@Z 1002e4b0 f   FastCompositingDevice.obj
 0002:000055e0       ??0CHVDDSAMVANotify@HVDService@@QAE@PAVCBasePin@@PAUIUnknown@@@Z 1002e5e0 f   HVDDSAMVANotify.obj
 0002:000056a0       ?QueryInterface@CHVDDSAMVANotify@HVDService@@UAGJABU_GUID@@PAPAX@Z 1002e6a0 f i HVDDSAMVANotify.obj
 0002:00005730       ?GetOwner@CUnknown@@QBEPAUIUnknown@@XZ 1002e730 f i HVDDSAMVANotify.obj
 0002:00005770       ?AddRef@CHVDDSAMVANotify@HVDService@@UAGKXZ 1002e770 f i HVDDSAMVANotify.obj
 0002:000057f0       ?Release@CHVDDSAMVANotify@HVDService@@UAGKXZ 1002e7f0 f i HVDDSAMVANotify.obj
 0002:00005870       ??0IHVDDXVA1AMVANofityConfig@@QAE@XZ 1002e870 f i HVDDSAMVANotify.obj
 0002:000058d0       ??0IiviVideoAcceleratorNotify2@@QAE@XZ 1002e8d0 f i HVDDSAMVANotify.obj
 0002:00005930       ??0IiviVideoAcceleratorNotify@@QAE@XZ 1002e930 f i HVDDSAMVANotify.obj
 0002:00005990       ??0IAMVideoAcceleratorNotify@@QAE@XZ 1002e990 f i HVDDSAMVANotify.obj
 0002:000059f0       ??0IUnknown@@QAE@XZ        1002e9f0 f i HVDDSAMVANotify.obj
 0002:00005a30       ?NonDelegatingQueryInterface@CHVDDSAMVANotify@HVDService@@UAGJABU_GUID@@PAPAX@Z 1002ea30 f   HVDDSAMVANotify.obj
 0002:00005b70       _==                        1002eb70 f i HVDDSAMVANotify.obj
 0002:00005bd0       ?GetUncompSurfacesInfo@CHVDDSAMVANotify@HVDService@@UAGJPBU_GUID@@PAU_tag_AMVAUncompBufferInfo@@@Z 1002ebd0 f   HVDDSAMVANotify.obj
 0002:00005f10       ?GetConnected@CBasePin@@QAEPAUIPin@@XZ 1002ef10 f i HVDDSAMVANotify.obj
 0002:00005f50       ?SetUncompSurfacesInfo@CHVDDSAMVANotify@HVDService@@UAGJK@Z 1002ef50 f   HVDDSAMVANotify.obj
 0002:00005f90       ?GetUncompSurfacesAllocated@CHVDDSAMVANotify@HVDService@@UAGJPAK@Z 1002ef90 f   HVDDSAMVANotify.obj
 0002:00005fe0       ?GetUncompSurfacesRequired@CHVDDSAMVANotify@HVDService@@UAGJPAU_GUID@@PAK1@Z 1002efe0 f   HVDDSAMVANotify.obj
 0002:00006040       ?GetCreateVideoAcceleratorData@CHVDDSAMVANotify@HVDService@@UAGJPBU_GUID@@PAKPAPAX@Z 1002f040 f   HVDDSAMVANotify.obj
 0002:00006370       ?SetUncompSurfNum@CHVDDSAMVANotify@HVDService@@AAEXPBU_GUID@@PAK1@Z 1002f370 f   HVDDSAMVANotify.obj
 0002:00006df0       ?SetUncompSurfacesConfig@CHVDDSAMVANotify@HVDService@@UAGJPAUHVDDxva1UncompSurfConfig@2@@Z 1002fdf0 f   HVDDSAMVANotify.obj
 0002:00006e50       ??_ECHVDDSAMVANotify@HVDService@@W3AEPAXI@Z 1002fe50 f i HVDDSAMVANotify.obj
 0002:00006e60       ??_ECHVDDSAMVANotify@HVDService@@UAEPAXI@Z 1002fe60 f i HVDDSAMVANotify.obj
 0002:00006e60       ??_GCHVDDSAMVANotify@HVDService@@UAEPAXI@Z 1002fe60 f i HVDDSAMVANotify.obj
 0002:00006ed0       ??1CHVDDSAMVANotify@HVDService@@UAE@XZ 1002fed0 f i HVDDSAMVANotify.obj
 0002:00006f50       ??1CUnknown@@UAE@XZ        1002ff50 f i HVDDSAMVANotify.obj
 0002:00006fd0       ?AddIntoROT@HVDService@@YGJPAUIUnknown@@PAKPB_W@Z 1002ffd0 f   HVDDSHelper.obj
 0002:00007350       ?RemoveFromROT@HVDService@@YGXK@Z 10030350 f   HVDDSHelper.obj
 0002:00007430       ??0CHVDDSHelper@HVDService@@QAE@PAUIGraphBuilder@@@Z 10030430 f   HVDDSHelper.obj
 0002:00007480       ??1CHVDDSHelper@HVDService@@QAE@XZ 10030480 f   HVDDSHelper.obj
 0002:000074c0       ?FindPin@CHVDDSHelper@HVDService@@QAGJPAUIBaseFilter@@PAPAUIPin@@U_GUID@@H@Z 100304c0 f   HVDDSHelper.obj
 0002:00007950       ?FindPin@CHVDDSHelper@HVDService@@QAGJPAUIBaseFilter@@PAPAUIPin@@U_GUID@@W4_PinDirection@@H@Z 10030950 f   HVDDSHelper.obj
 0002:00007f30       ?FindPin@CHVDDSHelper@HVDService@@QAGJPAUIBaseFilter@@PAPAUIPin@@W4_PinDirection@@PA_WHW4PINCONNECTED@@@Z 10030f30 f   HVDDSHelper.obj
 0002:00008470       ?wcsstr@@YAPA_WPA_WPB_W@Z  10031470 f i HVDDSHelper.obj
 0002:000084d0       ?FindPin@CHVDDSHelper@HVDService@@QAGJPAUIBaseFilter@@PAPAUIPin@@U_GUID@@2H@Z 100314d0 f   HVDDSHelper.obj
 0002:00008b50       ?ConnectPins@CHVDDSHelper@HVDService@@QAGJPAUIBaseFilter@@PA_W01HH@Z 10031b50 f   HVDDSHelper.obj
 0002:00008da0       ?ConnectPins@CHVDDSHelper@HVDService@@QAGJPAUIBaseFilter@@U_GUID@@0PA_WHH@Z 10031da0 f   HVDDSHelper.obj
 0002:00009030       ?FindFilter@CHVDDSHelper@HVDService@@QAGJPAPAXABU_GUID@@1@Z 10032030 f   HVDDSHelper.obj
 0002:00009400       _!=                        10032400 f i HVDDSHelper.obj
 0002:00009460       ?FindFilterByClsid@CHVDDSHelper@HVDService@@QAGJPAPAUIBaseFilter@@ABU_GUID@@@Z 10032460 f   HVDDSHelper.obj
 0002:000094c0       ?FindFilterByName@CHVDDSHelper@HVDService@@QAGJPAPAUIBaseFilter@@PB_W@Z 100324c0 f   HVDDSHelper.obj
 0002:00009550       ?GetFilterClsid@CHVDDSHelper@HVDService@@QAGJPAUIBaseFilter@@PAU_GUID@@@Z 10032550 f   HVDDSHelper.obj
 0002:00009680       ?AddFilter@CHVDDSHelper@HVDService@@QAGJABU_GUID@@PAPAUIBaseFilter@@PB_W@Z 10032680 f   HVDDSHelper.obj
 0002:00009750       ?AddProxyServiceByIndex@CHVDDSHelper@HVDService@@QAGJABU_GUID@@PAHPAPAUIBaseFilter@@PAD@Z 10032750 f   HVDDSHelper.obj
 0002:000098f0       ?AddProxyService@CHVDDSHelper@HVDService@@QAGJABU_GUID@@PBDPAPAUIBaseFilter@@@Z 100328f0 f   HVDDSHelper.obj
 0002:00009a70       ?WdmProxyService@CHVDDSHelper@HVDService@@QAGJPAHABU_GUID@@PBDPAPAUIBaseFilter@@PAD@Z 10032a70 f   HVDDSHelper.obj
 0002:0000a1e0       _HRESULT_FROM_WIN32        100331e0 f i HVDDSHelper.obj
 0002:0000a250       ?_tcsstr@@YAPADPADPBD@Z    10033250 f i HVDDSHelper.obj
 0002:0000a2b0       __tcsstr                   100332b0 f i HVDDSHelper.obj
 0002:0000a310       ?DisconnectPin@CHVDDSHelper@HVDService@@QAGJPAUIPin@@@Z 10033310 f   HVDDSHelper.obj
 0002:0000a530       ?DisconnectAllPins@CHVDDSHelper@HVDService@@QAGJPAUIBaseFilter@@@Z 10033530 f   HVDDSHelper.obj
 0002:0000a790       ?ConnectFilters@CHVDDSHelper@HVDService@@QAGJPAUIBaseFilter@@0@Z 10033790 f   HVDDSHelper.obj
 0002:0000aaa0       ?CountSystemDevices@CHVDDSHelper@HVDService@@QAGIABU_GUID@@@Z 10033aa0 f   HVDDSHelper.obj
 0002:0000add0       ?RemoveAllFilters@CHVDDSHelper@HVDService@@QAGJXZ 10033dd0 f   HVDDSHelper.obj
 0002:0000b020       ??1?$CGenericList@UIBaseFilter@@@@QAE@XZ 10034020 f i HVDDSHelper.obj
 0002:0000b070       ?RemoveFilter@CHVDDSHelper@HVDService@@QAGJPAPAUIBaseFilter@@@Z 10034070 f   HVDDSHelper.obj
 0002:0000b290       ?FindEnumeratedDevice@CHVDDSHelper@HVDService@@QAGJABU_GUID@@PAPAUIBaseFilter@@IPAD@Z 10034290 f   HVDDSHelper.obj
 0002:0000b8e0       ?GetIKsPropertySetSupport@CHVDDSHelper@HVDService@@QAGHABU_GUID@@KPAPAUIBaseFilter@@PAPAUIKsPropertySet@@@Z 100348e0 f   HVDDSHelper.obj
 0002:0000bfa0       ?AddFilterInRegistry@CHVDDSHelper@HVDService@@QAGPAUIBaseFilter@@ABU_GUID@@PBDPAPAU3@@Z 10034fa0 f   HVDDSHelper.obj
 0002:0000c650       ?CountFilterPins@CHVDDSHelper@HVDService@@QAGJPAUIBaseFilter@@PAI1@Z 10035650 f   HVDDSHelper.obj
 0002:0000c8c0       ?RemoveDownStream@CHVDDSHelper@HVDService@@QAGXPAUIBaseFilter@@@Z 100358c0 f   HVDDSHelper.obj
 0002:0000ce20       ?RemoveDownStream@CHVDDSHelper@HVDService@@QAGJPAUIPin@@@Z 10035e20 f   HVDDSHelper.obj
 0002:0000d070       ?RemoveDownStream@CHVDDSHelper@HVDService@@QAGJPAUIBaseFilter@@U_GUID@@@Z 10036070 f   HVDDSHelper.obj
 0002:0000d1c0       ?FindConnectedToFilter@CHVDDSHelper@HVDService@@QAGJPAUIPin@@PAU_FilterInfo@@PAU_PinInfo@@@Z 100361c0 f   HVDDSHelper.obj
 0002:0000d370       ??0?$CGenericList@UIBaseFilter@@@@QAE@PBD@Z 10036370 f i HVDDSHelper.obj
 0002:0000d3d0       ?RemoveHead@?$CGenericList@UIBaseFilter@@@@QAEPAUIBaseFilter@@XZ 100363d0 f i HVDDSHelper.obj
 0002:0000d420       ?AddTail@?$CGenericList@UIBaseFilter@@@@QAEPAU__POSITION@@PAUIBaseFilter@@@Z 10036420 f i HVDDSHelper.obj
 0002:0000d480       ?GetMediaPtrs@CHVDDSMedia@HVDService@@SGHPBU_AMMediaType@@PAPAUtagBITMAPINFOHEADER@@PAPAUtagRECT@@2@Z 10036480 f   HVDDSMedia.obj
 0002:0000d6f0       ?IsFourCC@CHVDDSMedia@HVDService@@SGHABU_GUID@@@Z 100366f0 f   HVDDSMedia.obj
 0002:0000d760       ?IsRGB@CHVDDSMedia@HVDService@@SGHABU_GUID@@@Z 10036760 f   HVDDSMedia.obj
 0002:0000d850       ?IsYUV@CHVDDSMedia@HVDService@@SGHABU_GUID@@@Z 10036850 f   HVDDSMedia.obj
 0002:0000d910       ?IsDXVA@CHVDDSMedia@HVDService@@SGHABU_GUID@@@Z 10036910 f   HVDDSMedia.obj
 0002:0000da20       ?IsDXVA2Exclusive@CHVDDSMedia@HVDService@@SGHABU_GUID@@@Z 10036a20 f   HVDDSMedia.obj
 0002:0000dae0       ?IsDXVAH264@CHVDDSMedia@HVDService@@SGHABU_GUID@@@Z 10036ae0 f   HVDDSMedia.obj
 0002:0000dbf0       ?IsDXVAVC1@CHVDDSMedia@HVDService@@SGHABU_GUID@@@Z 10036bf0 f   HVDDSMedia.obj
 0002:0000dcc0       ?IsMPEG2@CHVDDSMedia@HVDService@@SGHABU_GUID@@@Z 10036cc0 f   HVDDSMedia.obj
 0002:0000dd20       ?IsMPEG4@CHVDDSMedia@HVDService@@SGHABU_GUID@@@Z 10036d20 f   HVDDSMedia.obj
 0002:0000dd80       ?IsVC1@CHVDDSMedia@HVDService@@SGHABU_GUID@@@Z 10036d80 f   HVDDSMedia.obj
 0002:0000dde0       ?IsH264@CHVDDSMedia@HVDService@@SGHABU_GUID@@@Z 10036de0 f   HVDDSMedia.obj
 0002:0000deb0       ??0CHVDDSOutPin@HVDService@@QAE@PADPAVCHVDDxva1Binder@1@PBU__MIDL___MIDL_itf_strmif_0000_0022_0002@@PA_W@Z 10036eb0 f   HVDDSOutPin.obj
 0002:0000e130       ?QueryInternalConnections@CBasePin@@UAGJPAPAUIPin@@PAK@Z 10037130 f i HVDDSOutPin.obj
 0002:0000e170       ?QueryInterface@CHVDDSOutPin@HVDService@@UAGJABU_GUID@@PAPAX@Z 10037170 f i HVDDSOutPin.obj
 0002:0000e200       ?AddRef@CHVDDSOutPin@HVDService@@UAGKXZ 10037200 f i HVDDSOutPin.obj
 0002:0000e280       ?Release@CHVDDSOutPin@HVDService@@UAGKXZ 10037280 f i HVDDSOutPin.obj
 0002:0000e300       ??_ECHVDDSOutPin@HVDService@@UAEPAXI@Z 10037300 f i HVDDSOutPin.obj
 0002:0000e300       ??_GCHVDDSOutPin@HVDService@@UAEPAXI@Z 10037300 f i HVDDSOutPin.obj
 0002:0000e370       ??1CBaseOutputPin@@UAE@XZ  10037370 f i HVDDSOutPin.obj
 0002:0000e3c0       ??1?$CGenericList@VCMediaType@@@@QAE@XZ 100373c0 f i HVDDSOutPin.obj
 0002:0000e410       ??1?$CGenericList@UINonDelegatingUnknown@@@@QAE@XZ 10037410 f i HVDDSOutPin.obj
 0002:0000e460       ??1CHVDDSOutPin@HVDService@@UAE@XZ 10037460 f   HVDDSOutPin.obj
 0002:0000e5c0       ??_GCMediaType@@QAEPAXI@Z  100375c0 f i HVDDSOutPin.obj
 0002:0000e630       ?NonDelegatingQueryInterface@CHVDDSOutPin@HVDService@@UAGJABU_GUID@@PAPAX@Z 10037630 f   HVDDSOutPin.obj
 0002:0000e790       ?Notify@CHVDDSOutPin@HVDService@@UAGJPAUIBaseFilter@@UtagQuality@@@Z 10037790 f   HVDDSOutPin.obj
 0002:0000e800       ?Inactive@CHVDDSOutPin@HVDService@@UAEJXZ 10037800 f   HVDDSOutPin.obj
 0002:0000e920       ??0CAutoLock@@QAE@PAVCCritSec@@@Z 10037920 f i HVDDSOutPin.obj
 0002:0000e990       ??1CAutoLock@@QAE@XZ       10037990 f i HVDDSOutPin.obj
 0002:0000e9f0       ?CheckMediaType@CHVDDSOutPin@HVDService@@UAEJPBVCMediaType@@@Z 100379f0 f   HVDDSOutPin.obj
 0002:0000eb20       ?Type@CMediaType@@QBEPBU_GUID@@XZ 10037b20 f i HVDDSOutPin.obj
 0002:0000eb60       ?Subtype@CMediaType@@QBEPBU_GUID@@XZ 10037b60 f i HVDDSOutPin.obj
 0002:0000eba0       ?GetMediaType@CHVDDSOutPin@HVDService@@UAEJHPAVCMediaType@@@Z 10037ba0 f   HVDDSOutPin.obj
 0002:0000edb0       ?DecideBufferSize@CHVDDSOutPin@HVDService@@UAEJPAUIMemAllocator@@PAU_AllocatorProperties@@@Z 10037db0 f   HVDDSOutPin.obj
 0002:0000ef00       ?AddObject@CHVDDSOutPin@HVDService@@QAEJPAUINonDelegatingUnknown@@@Z 10037f00 f   HVDDSOutPin.obj
 0002:0000efa0       ?RemoveAllObject@CHVDDSOutPin@HVDService@@QAEJXZ 10037fa0 f   HVDDSOutPin.obj
 0002:0000f0b0       ?AddMediaType@CHVDDSOutPin@HVDService@@IAEJPBVCMediaType@@@Z 100380b0 f   HVDDSOutPin.obj
 0002:0000f220       ??0?$CGenericList@VCMediaType@@@@QAE@PBD@Z 10038220 f i HVDDSOutPin.obj
 0002:0000f280       ?GetHeadPosition@?$CGenericList@VCMediaType@@@@QBEPAU__POSITION@@XZ 10038280 f i HVDDSOutPin.obj
 0002:0000f2c0       ?GetCount@?$CGenericList@VCMediaType@@@@QBEHXZ 100382c0 f i HVDDSOutPin.obj
 0002:0000f300       ?GetNext@?$CGenericList@VCMediaType@@@@QBEPAVCMediaType@@AAPAU__POSITION@@@Z 10038300 f i HVDDSOutPin.obj
 0002:0000f360       ?RemoveHead@?$CGenericList@VCMediaType@@@@QAEPAVCMediaType@@XZ 10038360 f i HVDDSOutPin.obj
 0002:0000f3b0       ?AddTail@?$CGenericList@VCMediaType@@@@QAEPAU__POSITION@@PAVCMediaType@@@Z 100383b0 f i HVDDSOutPin.obj
 0002:0000f410       ??0?$CGenericList@UINonDelegatingUnknown@@@@QAE@PBD@Z 10038410 f i HVDDSOutPin.obj
 0002:0000f470       ?GetHeadPosition@?$CGenericList@UINonDelegatingUnknown@@@@QBEPAU__POSITION@@XZ 10038470 f i HVDDSOutPin.obj
 0002:0000f4b0       ?GetCount@?$CGenericList@UINonDelegatingUnknown@@@@QBEHXZ 100384b0 f i HVDDSOutPin.obj
 0002:0000f4f0       ?GetNext@?$CGenericList@UINonDelegatingUnknown@@@@QBEPAUINonDelegatingUnknown@@AAPAU__POSITION@@@Z 100384f0 f i HVDDSOutPin.obj
 0002:0000f550       ?AddTail@?$CGenericList@UINonDelegatingUnknown@@@@QAEPAU__POSITION@@PAUINonDelegatingUnknown@@@Z 10038550 f i HVDDSOutPin.obj
 0002:0000f5b0       ?QueryInterface@CHVDDSOutPin@HVDService@@W3AGJABU_GUID@@PAPAX@Z 100385b0 f i HVDDSOutPin.obj
 0002:0000f5c0       ?Release@CHVDDSOutPin@HVDService@@W3AGKXZ 100385c0 f i HVDDSOutPin.obj
 0002:0000f5d0       ?AddRef@CHVDDSOutPin@HVDService@@W3AGKXZ 100385d0 f i HVDDSOutPin.obj
 0002:0000f5e0       ??0CHVDDSVPConfig@HVDService@@QAE@PAVCCritSec@@PAUIUnknown@@@Z 100385e0 f   HVDDSVPConfig.obj
 0002:0000f680       ?QueryInterface@CHVDDSVPConfig@HVDService@@UAGJABU_GUID@@PAPAX@Z 10038680 f i HVDDSVPConfig.obj
 0002:0000f710       ?AddRef@CHVDDSVPConfig@HVDService@@UAGKXZ 10038710 f i HVDDSVPConfig.obj
 0002:0000f790       ?Release@CHVDDSVPConfig@HVDService@@UAGKXZ 10038790 f i HVDDSVPConfig.obj
 0002:0000f810       ??0IVPConfig@@QAE@XZ       10038810 f i HVDDSVPConfig.obj
 0002:0000f870       ??0IVPBaseConfig@@QAE@XZ   10038870 f i HVDDSVPConfig.obj
 0002:0000f8d0       ?NonDelegatingQueryInterface@CHVDDSVPConfig@HVDService@@UAGJABU_GUID@@PAPAX@Z 100388d0 f   HVDDSVPConfig.obj
 0002:0000f980       ?GetConnectInfo@CHVDDSVPConfig@HVDService@@UAGJPAKPAU_DDVIDEOPORTCONNECT@@@Z 10038980 f   HVDDSVPConfig.obj
 0002:0000fac0       ?GetMaxPixelRate@CHVDDSVPConfig@HVDService@@UAGJPAU_AMVPSIZE@@PAK@Z 10038ac0 f   HVDDSVPConfig.obj
 0002:0000fb30       ?GetOverlaySurface@CHVDDSVPConfig@HVDService@@UAGJPAPAUIDirectDrawSurface@@@Z 10038b30 f   HVDDSVPConfig.obj
 0002:0000fb70       ?GetVideoFormats@CHVDDSVPConfig@HVDService@@UAGJPAKPAU_DDPIXELFORMAT@@@Z 10038b70 f   HVDDSVPConfig.obj
 0002:0000fc80       ?GetVPDataInfo@CHVDDSVPConfig@HVDService@@UAGJPAU_AMVPDATAINFO@@@Z 10038c80 f   HVDDSVPConfig.obj
 0002:0000fdd0       ?IsVPDecimationAllowed@CHVDDSVPConfig@HVDService@@UAGJPAH@Z 10038dd0 f   HVDDSVPConfig.obj
 0002:0000fe10       ?InformVPInputFormats@CHVDDSVPConfig@HVDService@@UAGJKPAU_DDPIXELFORMAT@@@Z 10038e10 f   HVDDSVPConfig.obj
 0002:0000fe50       ?SetConnectInfo@CHVDDSVPConfig@HVDService@@UAGJK@Z 10038e50 f   HVDDSVPConfig.obj
 0002:0000fe90       ?SetDDSurfaceKernelHandle@CHVDDSVPConfig@HVDService@@QAGJK@Z 10038e90 f   HVDDSVPConfig.obj
 0002:0000fed0       ?SetDDSurfaceKernelHandles@CHVDDSVPConfig@HVDService@@UAGJKPAK@Z 10038ed0 f   HVDDSVPConfig.obj
 0002:0000ff10       ?SetDirectDrawKernelHandle@CHVDDSVPConfig@HVDService@@UAGJK@Z 10038f10 f   HVDDSVPConfig.obj
 0002:0000ff50       ?SetInvertPolarity@CHVDDSVPConfig@HVDService@@UAGJXZ 10038f50 f   HVDDSVPConfig.obj
 0002:0000ff90       ?SetSurfaceParameters@CHVDDSVPConfig@HVDService@@UAGJKKK@Z 10038f90 f   HVDDSVPConfig.obj
 0002:0000ffd0       ?SetVideoPortID@CHVDDSVPConfig@HVDService@@UAGJK@Z 10038fd0 f   HVDDSVPConfig.obj
 0002:00010010       ?SetVideoFormat@CHVDDSVPConfig@HVDService@@UAGJK@Z 10039010 f   HVDDSVPConfig.obj
 0002:00010050       ?SetScalingFactors@CHVDDSVPConfig@HVDService@@UAGJPAU_AMVPSIZE@@@Z 10039050 f   HVDDSVPConfig.obj
 0002:00010090       ??_ECHVDDSVPConfig@HVDService@@W3AEPAXI@Z 10039090 f i HVDDSVPConfig.obj
 0002:000100a0       ??_ECHVDDSVPConfig@HVDService@@UAEPAXI@Z 100390a0 f i HVDDSVPConfig.obj
 0002:000100a0       ??_GCHVDDSVPConfig@HVDService@@UAEPAXI@Z 100390a0 f i HVDDSVPConfig.obj
 0002:00010110       ??1CHVDDSVPConfig@HVDService@@UAE@XZ 10039110 f i HVDDSVPConfig.obj
 0002:00010190       ??0CHVDDxva1Binder@HVDService@@QAE@XZ 10039190 f   HVDDxva1Binder.obj
 0002:00010640       ?GetSetupData@CBaseFilter@@UAEPAU_AMOVIESETUP_FILTER@@XZ 10039640 f i HVDDxva1Binder.obj
 0002:00010680       ?QueryInterface@CHVDDxva1Binder@HVDService@@UAGJABU_GUID@@PAPAX@Z 10039680 f i HVDDxva1Binder.obj
 0002:00010710       ?AddRef@CHVDDxva1Binder@HVDService@@UAGKXZ 10039710 f i HVDDxva1Binder.obj
 0002:00010790       ?Release@CHVDDxva1Binder@HVDService@@UAGKXZ 10039790 f i HVDDxva1Binder.obj
 0002:00010810       ??1?$CComPtr@UIUnknown@@@ATL@@QAE@XZ 10039810 f i HVDDxva1Binder.obj
 0002:00010860       ??_GCHVDDxva1Binder@HVDService@@UAEPAXI@Z 10039860 f i HVDDxva1Binder.obj
 0002:00010860       ??_ECHVDDxva1Binder@HVDService@@UAEPAXI@Z 10039860 f i HVDDxva1Binder.obj
 0002:000108d0       ??1?$CGenericList@VCHVDDSOutPin@HVDService@@@@QAE@XZ 100398d0 f i HVDDxva1Binder.obj
 0002:00010920       ??1CHVDDxva1Binder@HVDService@@UAE@XZ 10039920 f   HVDDxva1Binder.obj
 0002:00010a10       ?GetMediaType@CHVDDxva1Binder@HVDService@@UAEJPAVCBasePin@@HPAVCMediaType@@@Z 10039a10 f   HVDDxva1Binder.obj
 0002:00010c30       ?DecideBufferSize@CHVDDxva1Binder@HVDService@@UAEJPAVCBasePin@@PAUIMemAllocator@@PAU_AllocatorProperties@@@Z 10039c30 f   HVDDxva1Binder.obj
 0002:00010f10       ?CompleteConnect@CHVDDxva1Binder@HVDService@@UAEJPAVCBasePin@@PAUIPin@@@Z 10039f10 f   HVDDxva1Binder.obj
 0002:00010f50       ?BreakConnect@CHVDDxva1Binder@HVDService@@UAEJPAVCBasePin@@@Z 10039f50 f   HVDDxva1Binder.obj
 0002:00010f90       ?GetPinCount@CHVDDxva1Binder@HVDService@@UAEHXZ 10039f90 f   HVDDxva1Binder.obj
 0002:00010fd0       ?GetPin@CHVDDxva1Binder@HVDService@@UAEPAVCBasePin@@H@Z 10039fd0 f   HVDDxva1Binder.obj
 0002:00011040       ?Run@CHVDDxva1Binder@HVDService@@UAGJ_J@Z 1003a040 f   HVDDxva1Binder.obj
 0002:000110c0       ?Pause@CHVDDxva1Binder@HVDService@@UAGJXZ 1003a0c0 f   HVDDxva1Binder.obj
 0002:00011120       ?Stop@CHVDDxva1Binder@HVDService@@UAGJXZ 1003a120 f   HVDDxva1Binder.obj
 0002:000111a0       ?CreateNextOutputPin@CHVDDxva1Binder@HVDService@@QAEPAVCHVDDSOutPin@2@PADPBU__MIDL___MIDL_itf_strmif_0000_0022_0002@@PA_W@Z 1003a1a0 f   HVDDxva1Binder.obj
 0002:00011430       ?GetOutputPin@CHVDDxva1Binder@HVDService@@QAEPAVCHVDDSOutPin@2@H@Z 1003a430 f   HVDDxva1Binder.obj
 0002:000114a0       ?GetStartTime@CHVDDxva1Binder@HVDService@@QAEJPA_J@Z 1003a4a0 f   HVDDxva1Binder.obj
 0002:00011540       ?SetVideoDecodeInfo@CHVDDxva1Binder@HVDService@@QAEXHHW4HVD_MODE@2@@Z 1003a540 f   HVDDxva1Binder.obj
 0002:000115d0       ?SetVideoRender@CHVDDxva1Binder@HVDService@@QAEJPAUIBaseFilter@@@Z 1003a5d0 f   HVDDxva1Binder.obj
 0002:000116c0       ?SetUncompSurfacesConfig@CHVDDxva1Binder@HVDService@@QAEJPAUHVDDxva1UncompSurfConfig@2@@Z 1003a6c0 f   HVDDxva1Binder.obj
 0002:000117d0       ?SetOutputPinBufferCount@CHVDDxva1Binder@HVDService@@QAEJHK@Z 1003a7d0 f   HVDDxva1Binder.obj
 0002:00011870       ?Destroy@CHVDDxva1Binder@HVDService@@QAEJXZ 1003a870 f   HVDDxva1Binder.obj
 0002:00011a80       ?SetVideoInfo@CHVDDxva1Binder@HVDService@@AAEJHHPAVCMediaType@@PAVCBasePin@@H@Z 1003aa80 f   HVDDxva1Binder.obj
 0002:00012380       ?Format@CMediaType@@QBEPAEXZ 1003b380 f i HVDDxva1Binder.obj
 0002:000123c0       ?FormatType@CMediaType@@QBEPBU_GUID@@XZ 1003b3c0 f i HVDDxva1Binder.obj
 0002:00012400       ??0FOURCCMap@@QAE@PBU_GUID@@@Z 1003b400 f i HVDDxva1Binder.obj
 0002:00012470       ?InitGUID@FOURCCMap@@AAEXXZ 1003b470 f i HVDDxva1Binder.obj
 0002:000124e0       ?SetFOURCC@FOURCCMap@@QAEXPBU_GUID@@@Z 1003b4e0 f i HVDDxva1Binder.obj
 0002:00012550       ?SetFOURCC@FOURCCMap@@QAEXK@Z 1003b550 f i HVDDxva1Binder.obj
 0002:000125a0       ?GetFOURCC@FOURCCMap@@QAEKXZ 1003b5a0 f i HVDDxva1Binder.obj
 0002:000125e0       ?SetDeinterlaceMode@CHVDDxva1Binder@HVDService@@AAEJPAUtagVIDEOINFOHEADER2@@@Z 1003b5e0 f   HVDDxva1Binder.obj
 0002:00012b70       ??1?$CComPtr@UIVMRDeinterlaceControl9@@@ATL@@QAE@XZ 1003bb70 f i HVDDxva1Binder.obj
 0002:00012bc0       ??0?$CGenericList@VCHVDDSOutPin@HVDService@@@@QAE@PBD@Z 1003bbc0 f i HVDDxva1Binder.obj
 0002:00012c20       ??0?$CComPtr@UIUnknown@@@ATL@@QAE@XZ 1003bc20 f i HVDDxva1Binder.obj
 0002:00012c80       ??1?$CComPtrBase@UIUnknown@@@ATL@@QAE@XZ 1003bc80 f i HVDDxva1Binder.obj
 0002:00012cf0       ??B?$CComPtrBase@UIUnknown@@@ATL@@QBEPAUIUnknown@@XZ 1003bcf0 f i HVDDxva1Binder.obj
 0002:00012d30       ??I?$CComPtrBase@UIUnknown@@@ATL@@QAEPAPAUIUnknown@@XZ 1003bd30 f i HVDDxva1Binder.obj
 0002:00012dc0       ??0?$CComPtr@UIVMRDeinterlaceControl9@@@ATL@@QAE@XZ 1003bdc0 f i HVDDxva1Binder.obj
 0002:00012e20       ??1?$CComPtrBase@UIVMRDeinterlaceControl9@@@ATL@@QAE@XZ 1003be20 f i HVDDxva1Binder.obj
 0002:00012e90       ??I?$CComPtrBase@UIVMRDeinterlaceControl9@@@ATL@@QAEPAPAUIVMRDeinterlaceControl9@@XZ 1003be90 f i HVDDxva1Binder.obj
 0002:00012f20       ??C?$CComPtrBase@UIVMRDeinterlaceControl9@@@ATL@@QBEPAV?$_NoAddRefReleaseOnCComPtr@UIVMRDeinterlaceControl9@@@1@XZ 1003bf20 f i HVDDxva1Binder.obj
 0002:00012fb0       ??0?$CComPtrBase@UIUnknown@@@ATL@@IAE@XZ 1003bfb0 f i HVDDxva1Binder.obj
 0002:00013000       ??0?$CComPtrBase@UIVMRDeinterlaceControl9@@@ATL@@IAE@XZ 1003c000 f i HVDDxva1Binder.obj
 0002:00013050       ?AddRef@CHVDDxva1Binder@HVDService@@W3AGKXZ 1003c050 f i HVDDxva1Binder.obj
 0002:00013060       ?QueryInterface@CHVDDxva1Binder@HVDService@@W3AGJABU_GUID@@PAPAX@Z 1003c060 f i HVDDxva1Binder.obj
 0002:00013070       ?Release@CHVDDxva1Binder@HVDService@@W3AGKXZ 1003c070 f i HVDDxva1Binder.obj
 0002:00013080       ??0Thank_you@Define_the_symbol__ATL_MIXED@@QAE@XZ 1003c080 f i HVDDxva1Binder.obj
 0002:000130d0       ?one@Thank_you@Define_the_symbol__ATL_MIXED@@UAEXXZ 1003c0d0 f i HVDDxva1Binder.obj
 0002:00013110       ??0CFastReadback@HVDService@@QAE@XZ 1003c110 f   HVDFastReadback.obj
 0002:000131b0       ??_GCFastReadback@HVDService@@UAEPAXI@Z 1003c1b0 f i HVDFastReadback.obj
 0002:000131b0       ??_ECFastReadback@HVDService@@UAEPAXI@Z 1003c1b0 f i HVDFastReadback.obj
 0002:00013220       ??1CFastReadback@HVDService@@UAE@XZ 1003c220 f   HVDFastReadback.obj
 0002:00013280       ?Open@CFastReadback@HVDService@@UAEJPAUFastReadbackInit@2@@Z 1003c280 f   HVDFastReadback.obj
 0002:000132c0       ?Readback@CFastReadback@HVDService@@UAEJPAUIDirect3DSurface9@@KPAUHVDDxva2UncompBufLockInfo@2@PAUHVDFastReadbackOption@2@@Z 1003c2c0 f   HVDFastReadback.obj
 0002:00013300       ?Close@CFastReadback@HVDService@@UAEJXZ 1003c300 f   HVDFastReadback.obj
 0002:00013340       ?GetID@CFastReadback@HVDService@@UAEHXZ 1003c340 f   HVDFastReadback.obj
 0002:00013380       ??0CD3DFastReadback@HVDService@@QAE@XZ 1003c380 f   HVDFastReadback.obj
 0002:00013420       ?GetID@CD3DFastReadback@HVDService@@UAEHXZ 1003c420 f i HVDFastReadback.obj
 0002:00013460       ??_GCD3DFastReadback@HVDService@@UAEPAXI@Z 1003c460 f i HVDFastReadback.obj
 0002:00013460       ??_ECD3DFastReadback@HVDService@@UAEPAXI@Z 1003c460 f i HVDFastReadback.obj
 0002:000134d0       ??1CD3DFastReadback@HVDService@@UAE@XZ 1003c4d0 f   HVDFastReadback.obj
 0002:00013570       ??1?$CComPtr@UIDirect3DSurface9@@@ATL@@QAE@XZ 1003c570 f i HVDFastReadback.obj
 0002:000135c0       ??1?$CComPtr@UIDirect3DTexture9@@@ATL@@QAE@XZ 1003c5c0 f i HVDFastReadback.obj
 0002:00013610       ?Open@CD3DFastReadback@HVDService@@UAEJPAUFastReadbackInit@2@@Z 1003c610 f   HVDFastReadback.obj
 0002:00013740       ?Readback@CD3DFastReadback@HVDService@@UAEJPAUIDirect3DSurface9@@KPAUHVDDxva2UncompBufLockInfo@2@PAUHVDFastReadbackOption@2@@Z 1003c740 f   HVDFastReadback.obj
 0002:00014220       ?Close@CD3DFastReadback@HVDService@@UAEJXZ 1003d220 f   HVDFastReadback.obj
 0002:00014280       ??0CNVFastReadback@HVDService@@QAE@XZ 1003d280 f   HVDFastReadback.obj
 0002:000142e0       ?GetID@CNVFastReadback@HVDService@@UAEHXZ 1003d2e0 f i HVDFastReadback.obj
 0002:00014320       ??_GCNVFastReadback@HVDService@@UAEPAXI@Z 1003d320 f i HVDFastReadback.obj
 0002:00014320       ??_ECNVFastReadback@HVDService@@UAEPAXI@Z 1003d320 f i HVDFastReadback.obj
 0002:00014390       ??1CNVFastReadback@HVDService@@UAE@XZ 1003d390 f   HVDFastReadback.obj
 0002:00014430       ?Open@CNVFastReadback@HVDService@@UAEJPAUFastReadbackInit@2@@Z 1003d430 f   HVDFastReadback.obj
 0002:000146d0       ?Readback@CNVFastReadback@HVDService@@UAEJPAUIDirect3DSurface9@@KPAUHVDDxva2UncompBufLockInfo@2@PAUHVDFastReadbackOption@2@@Z 1003d6d0 f   HVDFastReadback.obj
 0002:00014830       ?Close@CNVFastReadback@HVDService@@UAEJXZ 1003d830 f   HVDFastReadback.obj
 0002:00014940       ??0CIntelFastReadback@HVDService@@QAE@XZ 1003d940 f   HVDFastReadback.obj
 0002:00014ac0       ?GetID@CIntelFastReadback@HVDService@@UAEHXZ 1003dac0 f i HVDFastReadback.obj
 0002:00014b00       ??_ECIntelFastReadback@HVDService@@UAEPAXI@Z 1003db00 f i HVDFastReadback.obj
 0002:00014b00       ??_GCIntelFastReadback@HVDService@@UAEPAXI@Z 1003db00 f i HVDFastReadback.obj
 0002:00014b70       ??1CIntelFastReadback@HVDService@@UAE@XZ 1003db70 f   HVDFastReadback.obj
 0002:00014f00       ?CreateRenderTarget@CIntelFastReadback@HVDService@@IAEJW4_D3DFORMAT@@@Z 1003df00 f   HVDFastReadback.obj
 0002:00014fe0       ?Open@CIntelFastReadback@HVDService@@UAEJPAUFastReadbackInit@2@@Z 1003dfe0 f   HVDFastReadback.obj
 0002:00015450       ?IsPresent@CFastCompositingDevice@@QAEHXZ 1003e450 f i HVDFastReadback.obj
 0002:00015490       ?Readback@CIntelFastReadback@HVDService@@UAEJPAUIDirect3DSurface9@@KPAUHVDDxva2UncompBufLockInfo@2@PAUHVDFastReadbackOption@2@@Z 1003e490 f   HVDFastReadback.obj
 0002:00015900       ?Close@CIntelFastReadback@HVDService@@UAEJXZ 1003e900 f   HVDFastReadback.obj
 0002:00015bb0       ??_GCFastCompositingDevice@@QAEPAXI@Z 1003ebb0 f i HVDFastReadback.obj
 0002:00015c20       ?Intel_Init@CIntelFastReadback@HVDService@@IAEJXZ 1003ec20 f   HVDFastReadback.obj
 0002:00015d10       ?CreateAuxiliaryDevice@CIntelFastReadback@HVDService@@IAEJXZ 1003ed10 f   HVDFastReadback.obj
 0002:00016250       ?QueryFastcopy@CIntelFastReadback@HVDService@@IAEJXZ 1003f250 f   HVDFastReadback.obj
 0002:00016520       ?CreateFastCopyDevice@CIntelFastReadback@HVDService@@IAEJXZ 1003f520 f   HVDFastReadback.obj
 0002:00016750       ?QueryAccelRTFormats@CIntelFastReadback@HVDService@@IAEJPAPAW4_D3DFORMAT@@PAI@Z 1003f750 f   HVDFastReadback.obj
 0002:00016990       ?Intel_CreateService@CIntelFastReadback@HVDService@@IAEJXZ 1003f990 f   HVDFastReadback.obj
 0002:00016ba0       ?CreateAccelService@CIntelFastReadback@HVDService@@IAEJPBU_GUID@@PAXPAI@Z 1003fba0 f   HVDFastReadback.obj
 0002:00016cc0       ?QueryAccelCaps@CIntelFastReadback@HVDService@@IAEJPAXPAI@Z 1003fcc0 f   HVDFastReadback.obj
 0002:00016de0       ?FastCopyRegister@CIntelFastReadback@HVDService@@IAAJHPAUIDirect3DSurface9@@ZZ 1003fde0 f   HVDFastReadback.obj
 0002:00016f50       ?FastCopyRegister@CIntelFastReadback@HVDService@@IAEJHPAPAUIDirect3DSurface9@@@Z 1003ff50 f   HVDFastReadback.obj
 0002:00017480       ?FastCopyBlt@CIntelFastReadback@HVDService@@IAEJPAUIDirect3DSurface9@@0@Z 10040480 f   HVDFastReadback.obj
 0002:00017600       ??0CATIFastReadback@HVDService@@QAE@XZ 10040600 f   HVDFastReadback.obj
 0002:00017720       ?GetID@CATIFastReadback@HVDService@@UAEHXZ 10040720 f i HVDFastReadback.obj
 0002:00017760       ??_GCATIFastReadback@HVDService@@UAEPAXI@Z 10040760 f i HVDFastReadback.obj
 0002:00017760       ??_ECATIFastReadback@HVDService@@UAEPAXI@Z 10040760 f i HVDFastReadback.obj
 0002:000177d0       ??1CATIFastReadback@HVDService@@UAE@XZ 100407d0 f   HVDFastReadback.obj
 0002:00017830       ?Open@CATIFastReadback@HVDService@@UAEJPAUFastReadbackInit@2@@Z 10040830 f   HVDFastReadback.obj
 0002:00017c80       ?Readback@CATIFastReadback@HVDService@@UAEJPAUIDirect3DSurface9@@KPAUHVDDxva2UncompBufLockInfo@2@PAUHVDFastReadbackOption@2@@Z 10040c80 f   HVDFastReadback.obj
 0002:00017f90       ?Close@CATIFastReadback@HVDService@@UAEJXZ 10040f90 f   HVDFastReadback.obj
 0002:00018100       ??0?$CComPtr@UIDirect3DSurface9@@@ATL@@QAE@XZ 10041100 f i HVDFastReadback.obj
 0002:00018160       ??4?$CComPtr@UIDirect3DSurface9@@@ATL@@QAEPAUIDirect3DSurface9@@PAU2@@Z 10041160 f i HVDFastReadback.obj
 0002:000181e0       ?AtlComPtrAssign@ATL@@YGPAUIUnknown@@PAPAU2@PAU2@@Z 100411e0 f i HVDFastReadback.obj
 0002:00018290       ??1?$CComPtrBase@UIDirect3DSurface9@@@ATL@@QAE@XZ 10041290 f i HVDFastReadback.obj
 0002:00018300       ??B?$CComPtrBase@UIDirect3DSurface9@@@ATL@@QBEPAUIDirect3DSurface9@@XZ 10041300 f i HVDFastReadback.obj
 0002:00018340       ??I?$CComPtrBase@UIDirect3DSurface9@@@ATL@@QAEPAPAUIDirect3DSurface9@@XZ 10041340 f i HVDFastReadback.obj
 0002:000183d0       ??C?$CComPtrBase@UIDirect3DSurface9@@@ATL@@QBEPAV?$_NoAddRefReleaseOnCComPtr@UIDirect3DSurface9@@@1@XZ 100413d0 f i HVDFastReadback.obj
 0002:00018460       ??7?$CComPtrBase@UIDirect3DSurface9@@@ATL@@QBE_NXZ 10041460 f i HVDFastReadback.obj
 0002:000184b0       ??8?$CComPtrBase@UIDirect3DSurface9@@@ATL@@QBE_NPAUIDirect3DSurface9@@@Z 100414b0 f i HVDFastReadback.obj
 0002:00018500       ?Release@?$CComPtrBase@UIDirect3DSurface9@@@ATL@@QAEXXZ 10041500 f i HVDFastReadback.obj
 0002:00018580       ??0?$CComPtr@UIDirect3DTexture9@@@ATL@@QAE@XZ 10041580 f i HVDFastReadback.obj
 0002:000185e0       ??1?$CComPtrBase@UIDirect3DTexture9@@@ATL@@QAE@XZ 100415e0 f i HVDFastReadback.obj
 0002:00018650       ??B?$CComPtrBase@UIDirect3DTexture9@@@ATL@@QBEPAUIDirect3DTexture9@@XZ 10041650 f i HVDFastReadback.obj
 0002:00018690       ??I?$CComPtrBase@UIDirect3DTexture9@@@ATL@@QAEPAPAUIDirect3DTexture9@@XZ 10041690 f i HVDFastReadback.obj
 0002:00018720       ??C?$CComPtrBase@UIDirect3DTexture9@@@ATL@@QBEPAV?$_NoAddRefReleaseOnCComPtr@UIDirect3DTexture9@@@1@XZ 10041720 f i HVDFastReadback.obj
 0002:000187b0       ??8?$CComPtrBase@UIDirect3DTexture9@@@ATL@@QBE_NPAUIDirect3DTexture9@@@Z 100417b0 f i HVDFastReadback.obj
 0002:00018800       ??0?$CComPtrBase@UIDirect3DSurface9@@@ATL@@IAE@XZ 10041800 f i HVDFastReadback.obj
 0002:00018850       ??9?$CComPtrBase@UIDirect3DSurface9@@@ATL@@QBE_NPAUIDirect3DSurface9@@@Z 10041850 f i HVDFastReadback.obj
 0002:000188c0       ??0?$CComPtrBase@UIDirect3DTexture9@@@ATL@@IAE@XZ 100418c0 f i HVDFastReadback.obj
 0002:00018910       ?GetHVDGuids@CHVDSelector@HVDService@@SAJKKKPAPBU_GUID@@PAK@Z 10041910 f   HVDSelector.obj
 0002:00018b40       ?RecommendSurfaceCount@CHVDSelector@HVDService@@SAJKKKPAK0@Z 10041b40 f   HVDSelector.obj
 0002:00018ce0       _DllMain@12                10041ce0 f   HVDService.obj
 0002:00018d60       _CreateHVDService          10041d60 f   HVDService.obj
 0002:00018fc0       ??0CHVDServiceBase@HVDService@@QAE@XZ 10041fc0 f   HVDServiceBase.obj
 0002:00019180       ??_ECHVDServiceBase@HVDService@@UAEPAXI@Z 10042180 f i HVDServiceBase.obj
 0002:00019180       ??_GCHVDServiceBase@HVDService@@UAEPAXI@Z 10042180 f i HVDServiceBase.obj
 0002:000191f0       ??0IHVDService@@QAE@XZ     100421f0 f i HVDServiceBase.obj
 0002:00019250       ??1CHVDServiceBase@HVDService@@UAE@XZ 10042250 f   HVDServiceBase.obj
 0002:00019340       ?QueryInterface@CHVDServiceBase@HVDService@@UAGJABU_GUID@@PAPAX@Z 10042340 f   HVDServiceBase.obj
 0002:000193f0       ?AddRef@CHVDServiceBase@HVDService@@UAGKXZ 100423f0 f   HVDServiceBase.obj
 0002:00019480       ?Release@CHVDServiceBase@HVDService@@UAGKXZ 10042480 f   HVDServiceBase.obj
 0002:00019580       ?Initialize@CHVDServiceBase@HVDService@@UAGJPAUHVDInitConfig@2@@Z 10042580 f   HVDServiceBase.obj
 0002:00019710       ?Uninitialize@CHVDServiceBase@HVDService@@UAGJXZ 10042710 f   HVDServiceBase.obj
 0002:00019790       ?StartServiceA@CHVDServiceBase@HVDService@@UAGJPAUHVDDecodeConfig@2@@Z 10042790 f   HVDServiceBase.obj
 0002:00019840       ?GetDecoderGuid@CHVDServiceBase@HVDService@@UAGJPAU_GUID@@@Z 10042840 f   HVDServiceBase.obj
 0002:000198b0       ?GetSupportedDecoderCount@CHVDServiceBase@HVDService@@UAGJPAI@Z 100428b0 f   HVDServiceBase.obj
 0002:00019910       ?GetSupportedDecoderGUIDs@CHVDServiceBase@HVDService@@UAGJPAU_GUID@@@Z 10042910 f   HVDServiceBase.obj
 0002:000199c0       ?AdviseEventNotify@CHVDServiceBase@HVDService@@UAGJPAUIHVDServiceNotify@@@Z 100429c0 f   HVDServiceBase.obj
 0002:00019a90       ?UnadviseEventNotify@CHVDServiceBase@HVDService@@UAGJPAUIHVDServiceNotify@@@Z 10042a90 f   HVDServiceBase.obj
 0002:00019c60       ??1?$_Vector_iterator@PAUIHVDServiceNotify@@V?$allocator@PAUIHVDServiceNotify@@@std@@@std@@QAE@XZ 10042c60 f i HVDServiceBase.obj
 0002:00019cb0       ??0?$_Vector_iterator@PAUIHVDServiceNotify@@V?$allocator@PAUIHVDServiceNotify@@@std@@@std@@QAE@ABV01@@Z 10042cb0 f i HVDServiceBase.obj
 0002:00019d10       ??1?$_Vector_const_iterator@PAUIHVDServiceNotify@@V?$allocator@PAUIHVDServiceNotify@@@std@@@std@@QAE@XZ 10042d10 f i HVDServiceBase.obj
 0002:00019d60       ??0?$_Vector_const_iterator@PAUIHVDServiceNotify@@V?$allocator@PAUIHVDServiceNotify@@@std@@@std@@QAE@ABV01@@Z 10042d60 f i HVDServiceBase.obj
 0002:00019dd0       ??1?$_Ranit@PAUIHVDServiceNotify@@HPBQAU1@ABQAU1@@std@@QAE@XZ 10042dd0 f i HVDServiceBase.obj
 0002:00019e20       ??1_Iterator_base@std@@QAE@XZ 10042e20 f i HVDServiceBase.obj
 0002:00019f20       ?_Orphan_me@_Iterator_base@std@@QAEXXZ 10042f20 f i HVDServiceBase.obj
 0002:0001a000       ??0?$_Ranit@PAUIHVDServiceNotify@@HPBQAU1@ABQAU1@@std@@QAE@ABU01@@Z 10043000 f i HVDServiceBase.obj
 0002:0001a060       ??0_Iterator_base@std@@QAE@ABV01@@Z 10043060 f i HVDServiceBase.obj
 0002:0001a0e0       ??4_Iterator_base@std@@QAEAAV01@ABV01@@Z 100430e0 f i HVDServiceBase.obj
 0002:0001a210       ?_Adopt@_Iterator_base@std@@QAEXPBV_Container_base@2@@Z 10043210 f i HVDServiceBase.obj
 0002:0001a350       ?GetHVDDecodeConfig@CHVDServiceBase@HVDService@@UAGJPAUHVDDecodeConfig@2@@Z 10043350 f   HVDServiceBase.obj
 0002:0001a3d0       ?_Initialize@CHVDServiceBase@HVDService@@MAEJPAUHVDInitConfig@2@@Z 100433d0 f   HVDServiceBase.obj
 0002:0001a410       ?_Uninitialize@CHVDServiceBase@HVDService@@MAEJXZ 10043410 f   HVDServiceBase.obj
 0002:0001a450       ?_StartService@CHVDServiceBase@HVDService@@MAEJXZ 10043450 f   HVDServiceBase.obj
 0002:0001a4c0       ?_StopService@CHVDServiceBase@HVDService@@MAEJXZ 100434c0 f   HVDServiceBase.obj
 0002:0001a530       ?_NotifyEvent@CHVDServiceBase@HVDService@@MAEJKKK@Z 10043530 f   HVDServiceBase.obj
 0002:0001a700       ??0?$vector@PAUIHVDServiceNotify@@V?$allocator@PAUIHVDServiceNotify@@@std@@@std@@QAE@XZ 10043700 f i HVDServiceBase.obj
 0002:0001a7c0       ??1?$vector@PAUIHVDServiceNotify@@V?$allocator@PAUIHVDServiceNotify@@@std@@@std@@QAE@XZ 100437c0 f i HVDServiceBase.obj
 0002:0001a860       ?begin@?$vector@PAUIHVDServiceNotify@@V?$allocator@PAUIHVDServiceNotify@@@std@@@std@@QAE?AV?$_Vector_iterator@PAUIHVDServiceNotify@@V?$allocator@PAUIHVDServiceNotify@@@std@@@2@XZ 10043860 f i HVDServiceBase.obj
 0002:0001a8f0       ?end@?$vector@PAUIHVDServiceNotify@@V?$allocator@PAUIHVDServiceNotify@@@std@@@std@@QAE?AV?$_Vector_iterator@PAUIHVDServiceNotify@@V?$allocator@PAUIHVDServiceNotify@@@std@@@2@XZ 100438f0 f i HVDServiceBase.obj
 0002:0001a980       ?push_back@?$vector@PAUIHVDServiceNotify@@V?$allocator@PAUIHVDServiceNotify@@@std@@@std@@QAEXABQAUIHVDServiceNotify@@@Z 10043980 f i HVDServiceBase.obj
 0002:0001aa70       ?erase@?$vector@PAUIHVDServiceNotify@@V?$allocator@PAUIHVDServiceNotify@@@std@@@std@@QAE?AV?$_Vector_iterator@PAUIHVDServiceNotify@@V?$allocator@PAUIHVDServiceNotify@@@std@@@2@V32@@Z 10043a70 f i HVDServiceBase.obj
 0002:0001ac00       ??D?$_Vector_iterator@PAUIHVDServiceNotify@@V?$allocator@PAUIHVDServiceNotify@@@std@@@std@@QBEAAPAUIHVDServiceNotify@@XZ 10043c00 f i HVDServiceBase.obj
 0002:0001ac50       ??E?$_Vector_iterator@PAUIHVDServiceNotify@@V?$allocator@PAUIHVDServiceNotify@@@std@@@std@@QAEAAV01@XZ 10043c50 f i HVDServiceBase.obj
 0002:0001acb0       ??9?$_Vector_const_iterator@PAUIHVDServiceNotify@@V?$allocator@PAUIHVDServiceNotify@@@std@@@std@@QBE_NABV01@@Z 10043cb0 f i HVDServiceBase.obj
 0002:0001ad20       ??1?$_Vector_val@PAUIHVDServiceNotify@@V?$allocator@PAUIHVDServiceNotify@@@std@@@std@@QAE@XZ 10043d20 f i HVDServiceBase.obj
 0002:0001ad80       ?capacity@?$vector@PAUIHVDServiceNotify@@V?$allocator@PAUIHVDServiceNotify@@@std@@@std@@QBEIXZ 10043d80 f i HVDServiceBase.obj
 0002:0001adf0       ?size@?$vector@PAUIHVDServiceNotify@@V?$allocator@PAUIHVDServiceNotify@@@std@@@std@@QBEIXZ 10043df0 f i HVDServiceBase.obj
 0002:0001ae60       ?insert@?$vector@PAUIHVDServiceNotify@@V?$allocator@PAUIHVDServiceNotify@@@std@@@std@@QAE?AV?$_Vector_iterator@PAUIHVDServiceNotify@@V?$allocator@PAUIHVDServiceNotify@@@std@@@2@V32@ABQAUIHVDServiceNotify@@@Z 10043e60 f i HVDServiceBase.obj
 0002:0001b060       ?_Buy@?$vector@PAUIHVDServiceNotify@@V?$allocator@PAUIHVDServiceNotify@@@std@@@std@@IAE_NI@Z 10044060 f i HVDServiceBase.obj
 0002:0001b140       ?_Destroy@?$vector@PAUIHVDServiceNotify@@V?$allocator@PAUIHVDServiceNotify@@@std@@@std@@IAEXPAPAUIHVDServiceNotify@@0@Z 10044140 f i HVDServiceBase.obj
 0002:0001b1b0       ?_Tidy@?$vector@PAUIHVDServiceNotify@@V?$allocator@PAUIHVDServiceNotify@@@std@@@std@@IAEXXZ 100441b0 f i HVDServiceBase.obj
 0002:0001b290       ?_Ufill@?$vector@PAUIHVDServiceNotify@@V?$allocator@PAUIHVDServiceNotify@@@std@@@std@@IAEPAPAUIHVDServiceNotify@@PAPAU3@IABQAU3@@Z 10044290 f i HVDServiceBase.obj
 0002:0001b310       ?_Orphan_range@?$vector@PAUIHVDServiceNotify@@V?$allocator@PAUIHVDServiceNotify@@@std@@@std@@IBEXPAPAUIHVDServiceNotify@@0@Z 10044310 f i HVDServiceBase.obj
 0002:0001b420       ??0?$_Vector_val@PAUIHVDServiceNotify@@V?$allocator@PAUIHVDServiceNotify@@@std@@@std@@IAE@V?$allocator@PAUIHVDServiceNotify@@@1@@Z 10044420 f i HVDServiceBase.obj
 0002:0001b4a0       ??0?$allocator@PAUIHVDServiceNotify@@@std@@QAE@XZ 100444a0 f i HVDServiceBase.obj
 0002:0001b4e0       ??0?$_Vector_iterator@PAUIHVDServiceNotify@@V?$allocator@PAUIHVDServiceNotify@@@std@@@std@@QAE@PAPAUIHVDServiceNotify@@PBV_Container_base@1@@Z 100444e0 f i HVDServiceBase.obj
 0002:0001b540       ??D?$_Vector_const_iterator@PAUIHVDServiceNotify@@V?$allocator@PAUIHVDServiceNotify@@@std@@@std@@QBEABQAUIHVDServiceNotify@@XZ 10044540 f i HVDServiceBase.obj
 0002:0001b650       ??E?$_Vector_const_iterator@PAUIHVDServiceNotify@@V?$allocator@PAUIHVDServiceNotify@@@std@@@std@@QAEAAV01@XZ 10044650 f i HVDServiceBase.obj
 0002:0001b7a0       ??8?$_Vector_const_iterator@PAUIHVDServiceNotify@@V?$allocator@PAUIHVDServiceNotify@@@std@@@std@@QBE_NABV01@@Z 100447a0 f i HVDServiceBase.obj
 0002:0001b810       ?max_size@?$vector@PAUIHVDServiceNotify@@V?$allocator@PAUIHVDServiceNotify@@@std@@@std@@QBEIXZ 10044810 f i HVDServiceBase.obj
 0002:0001b870       ?_Insert_n@?$vector@PAUIHVDServiceNotify@@V?$allocator@PAUIHVDServiceNotify@@@std@@@std@@IAEXV?$_Vector_iterator@PAUIHVDServiceNotify@@V?$allocator@PAUIHVDServiceNotify@@@std@@@2@IABQAUIHVDServiceNotify@@@Z 10044870 f i HVDServiceBase.obj
 0002:0001bda0       ?_Xlen@?$vector@PAUIHVDServiceNotify@@V?$allocator@PAUIHVDServiceNotify@@@std@@@std@@KAXXZ 10044da0 f i HVDServiceBase.obj
 0002:0001be90       ??0length_error@std@@QAE@ABV?$basic_string@DU?$char_traits@D@std@@V?$allocator@D@2@@1@@Z 10044e90 f i HVDServiceBase.obj
 0002:0001bf00       ??0logic_error@std@@QAE@ABV?$basic_string@DU?$char_traits@D@std@@V?$allocator@D@2@@1@@Z 10044f00 f i HVDServiceBase.obj
 0002:0001bfe0       ?what@logic_error@std@@UBEPBDXZ 10044fe0 f i HVDServiceBase.obj
 0002:0001c040       ??_Elogic_error@std@@UAEPAXI@Z 10045040 f i HVDServiceBase.obj
 0002:0001c040       ??_Glogic_error@std@@UAEPAXI@Z 10045040 f i HVDServiceBase.obj
 0002:0001c0b0       ??1logic_error@std@@UAE@XZ 100450b0 f i HVDServiceBase.obj
 0002:0001c130       ??1length_error@std@@UAE@XZ 10045130 f i HVDServiceBase.obj
 0002:0001c190       ??_Glength_error@std@@UAEPAXI@Z 10045190 f i HVDServiceBase.obj
 0002:0001c190       ??_Elength_error@std@@UAEPAXI@Z 10045190 f i HVDServiceBase.obj
 0002:0001c200       ??0?$allocator@PAUIHVDServiceNotify@@@std@@QAE@ABV01@@Z 10045200 f i HVDServiceBase.obj
 0002:0001c240       ?deallocate@?$allocator@PAUIHVDServiceNotify@@@std@@QAEXPAPAUIHVDServiceNotify@@I@Z 10045240 f i HVDServiceBase.obj
 0002:0001c2a0       ?allocate@?$allocator@PAUIHVDServiceNotify@@@std@@QAEPAPAUIHVDServiceNotify@@I@Z 100452a0 f i HVDServiceBase.obj
 0002:0001c300       ??H?$_Vector_iterator@PAUIHVDServiceNotify@@V?$allocator@PAUIHVDServiceNotify@@@std@@@std@@QBE?AV01@H@Z 10045300 f i HVDServiceBase.obj
 0002:0001c420       ??G?$_Vector_iterator@PAUIHVDServiceNotify@@V?$allocator@PAUIHVDServiceNotify@@@std@@@std@@QBEHABV?$_Vector_const_iterator@PAUIHVDServiceNotify@@V?$allocator@PAUIHVDServiceNotify@@@std@@@1@@Z 10045420 f i HVDServiceBase.obj
 0002:0001c480       ??0?$_Vector_const_iterator@PAUIHVDServiceNotify@@V?$allocator@PAUIHVDServiceNotify@@@std@@@std@@QAE@PAPAUIHVDServiceNotify@@PBV_Container_base@1@@Z 10045480 f i HVDServiceBase.obj
 0002:0001c5d0       ?_Compat@?$_Vector_const_iterator@PAUIHVDServiceNotify@@V?$allocator@PAUIHVDServiceNotify@@@std@@@std@@QBEXABV12@@Z 100455d0 f i HVDServiceBase.obj
 0002:0001c6d0       ??0length_error@std@@QAE@ABV01@@Z 100456d0 f i HVDServiceBase.obj
 0002:0001c740       ??0logic_error@std@@QAE@ABV01@@Z 10045740 f i HVDServiceBase.obj
 0002:0001c820       ??0?$_Ranit@PAUIHVDServiceNotify@@HPBQAU1@ABQAU1@@std@@QAE@XZ 10045820 f i HVDServiceBase.obj
 0002:0001c880       ??0_Iterator_base@std@@QAE@XZ 10045880 f i HVDServiceBase.obj
 0002:0001c8d0       ?max_size@?$allocator@PAUIHVDServiceNotify@@@std@@QBEIXZ 100458d0 f i HVDServiceBase.obj
 0002:0001c940       ??Y?$_Vector_iterator@PAUIHVDServiceNotify@@V?$allocator@PAUIHVDServiceNotify@@@std@@@std@@QAEAAV01@H@Z 10045940 f i HVDServiceBase.obj
 0002:0001c9a0       ??G?$_Vector_const_iterator@PAUIHVDServiceNotify@@V?$allocator@PAUIHVDServiceNotify@@@std@@@std@@QBEHABV01@@Z 100459a0 f i HVDServiceBase.obj
 0002:0001ca10       ??Y?$_Vector_const_iterator@PAUIHVDServiceNotify@@V?$allocator@PAUIHVDServiceNotify@@@std@@@std@@QAEAAV01@H@Z 10045a10 f i HVDServiceBase.obj
 0002:0001cba0       ??$unchecked_copy@PAPAUIHVDServiceNotify@@PAPAU1@@stdext@@YAPAPAUIHVDServiceNotify@@PAPAU1@00@Z 10045ba0 f i HVDServiceBase.obj
 0002:0001cc70       ??$_Destroy_range@PAUIHVDServiceNotify@@V?$allocator@PAUIHVDServiceNotify@@@std@@@std@@YAXPAPAUIHVDServiceNotify@@0AAV?$allocator@PAUIHVDServiceNotify@@@0@@Z 10045c70 f i HVDServiceBase.obj
 0002:0001ccf0       ??$unchecked_uninitialized_fill_n@PAPAUIHVDServiceNotify@@IPAU1@V?$allocator@PAUIHVDServiceNotify@@@std@@@stdext@@YAXPAPAUIHVDServiceNotify@@IABQAU1@AAV?$allocator@PAUIHVDServiceNotify@@@std@@@Z 10045cf0 f i HVDServiceBase.obj
 0002:0001cd90       ??$_Umove@PAPAUIHVDServiceNotify@@@?$vector@PAUIHVDServiceNotify@@V?$allocator@PAUIHVDServiceNotify@@@std@@@std@@IAEPAPAUIHVDServiceNotify@@PAPAU2@00@Z 10045d90 f i HVDServiceBase.obj
 0002:0001ce00       ??$fill@PAPAUIHVDServiceNotify@@PAU1@@std@@YAXPAPAUIHVDServiceNotify@@0ABQAU1@@Z 10045e00 f i HVDServiceBase.obj
 0002:0001ce70       ??$_Unchecked_move_backward@PAPAUIHVDServiceNotify@@PAPAU1@@stdext@@YAPAPAUIHVDServiceNotify@@PAPAU1@00@Z 10045e70 f i HVDServiceBase.obj
 0002:0001cf30       ??$_Allocate@PAUIHVDServiceNotify@@@std@@YAPAPAUIHVDServiceNotify@@IPAPAU1@@Z 10045f30 f i HVDServiceBase.obj
 0002:0001cfd0       ??0bad_alloc@std@@QAE@PBD@Z 10045fd0 f i HVDServiceBase.obj
 0002:0001d050       ??1bad_alloc@std@@UAE@XZ   10046050 f i HVDServiceBase.obj
 0002:0001d0c0       ??_Gbad_alloc@std@@UAEPAXI@Z 100460c0 f i HVDServiceBase.obj
 0002:0001d0c0       ??_Ebad_alloc@std@@UAEPAXI@Z 100460c0 f i HVDServiceBase.obj
 0002:0001d130       ??0bad_alloc@std@@QAE@ABV01@@Z 10046130 f i HVDServiceBase.obj
 0002:0001d1b0       ??$_Checked_base@PAPAUIHVDServiceNotify@@@std@@YAPAPAUIHVDServiceNotify@@AAPAPAU1@@Z 100461b0 f i HVDServiceBase.obj
 0002:0001d240       ??$_Iter_random@PAPAUIHVDServiceNotify@@PAPAU1@@std@@YA?AUrandom_access_iterator_tag@0@ABQAPAUIHVDServiceNotify@@0@Z 10046240 f i HVDServiceBase.obj
 0002:0001d2b0       ??$_Ptr_cat@PAPAUIHVDServiceNotify@@PAPAU1@@std@@YA?AU_Scalar_ptr_iterator_tag@0@AAPAPAUIHVDServiceNotify@@0@Z 100462b0 f i HVDServiceBase.obj
 0002:0001d320       ??$_Copy_opt@PAPAUIHVDServiceNotify@@PAPAU1@Urandom_access_iterator_tag@std@@@std@@YAPAPAUIHVDServiceNotify@@PAPAU1@00Urandom_access_iterator_tag@0@U_Scalar_ptr_iterator_tag@0@U_Range_checked_iterator_tag@0@@Z 10046320 f i HVDServiceBase.obj
 0002:0001d400       ??$_Destroy_range@PAUIHVDServiceNotify@@V?$allocator@PAUIHVDServiceNotify@@@std@@@std@@YAXPAPAUIHVDServiceNotify@@0AAV?$allocator@PAUIHVDServiceNotify@@@0@U_Scalar_ptr_iterator_tag@0@@Z 10046400 f i HVDServiceBase.obj
 0002:0001d430       ??$_Uninit_fill_n@PAPAUIHVDServiceNotify@@IPAU1@V?$allocator@PAUIHVDServiceNotify@@@std@@@std@@YAXPAPAUIHVDServiceNotify@@IABQAU1@AAV?$allocator@PAUIHVDServiceNotify@@@0@U_Scalar_ptr_iterator_tag@0@U_Range_checked_iterator_tag@0@@Z 10046430 f i HVDServiceBase.obj
 0002:0001d490       ??$_Unchecked_uninitialized_move@PAPAUIHVDServiceNotify@@PAPAU1@V?$allocator@PAUIHVDServiceNotify@@@std@@@stdext@@YAPAPAUIHVDServiceNotify@@PAPAU1@00AAV?$allocator@PAUIHVDServiceNotify@@@std@@@Z 10046490 f i HVDServiceBase.obj
 0002:0001d540       ??$_Fill@PAPAUIHVDServiceNotify@@PAU1@@std@@YAXPAPAUIHVDServiceNotify@@0ABQAU1@@Z 10046540 f i HVDServiceBase.obj
 0002:0001d5d0       ??$_Move_cat@PAPAUIHVDServiceNotify@@@std@@YA?AU_Undefined_move_tag@0@ABQAPAUIHVDServiceNotify@@@Z 100465d0 f i HVDServiceBase.obj
 0002:0001d640       ??$_Move_backward_opt@PAPAUIHVDServiceNotify@@PAPAU1@Urandom_access_iterator_tag@std@@U_Undefined_move_tag@3@@std@@YAPAPAUIHVDServiceNotify@@PAPAU1@00Urandom_access_iterator_tag@0@U_Undefined_move_tag@0@U_Range_checked_iterator_tag@0@@Z 10046640 f i HVDServiceBase.obj
 0002:0001d6e0       ??$_Checked_base@PAPAUIHVDServiceNotify@@@std@@YAPAPAUIHVDServiceNotify@@AAPAPAU1@U_Unchanged_checked_iterator_base_type_tag@0@@Z 100466e0 f i HVDServiceBase.obj
 0002:0001d720       ??$_Debug_range@PAPAUIHVDServiceNotify@@@std@@YAXPAPAUIHVDServiceNotify@@0PB_WI@Z 10046720 f i HVDServiceBase.obj
 0002:0001d7a0       ??$_Debug_pointer@PAUIHVDServiceNotify@@@std@@YAXPAPAUIHVDServiceNotify@@PB_WI@Z 100467a0 f i HVDServiceBase.obj
 0002:0001d810       ??$unchecked_fill_n@PAPAUIHVDServiceNotify@@IPAU1@@stdext@@YAXPAPAUIHVDServiceNotify@@IABQAU1@@Z 10046810 f i HVDServiceBase.obj
 0002:0001d8a0       ??$_Uninit_move@PAPAUIHVDServiceNotify@@PAPAU1@V?$allocator@PAUIHVDServiceNotify@@@std@@U_Undefined_move_tag@3@@std@@YAPAPAUIHVDServiceNotify@@PAPAU1@00AAV?$allocator@PAUIHVDServiceNotify@@@0@U_Undefined_move_tag@0@U_Range_checked_iterator_tag@0@@Z 100468a0 f i HVDServiceBase.obj
 0002:0001d900       ??$_Copy_backward_opt@PAPAUIHVDServiceNotify@@PAPAU1@Urandom_access_iterator_tag@std@@@std@@YAPAPAUIHVDServiceNotify@@PAPAU1@00Urandom_access_iterator_tag@0@U_Scalar_ptr_iterator_tag@0@U_Range_checked_iterator_tag@0@@Z 10046900 f i HVDServiceBase.obj
 0002:0001d9f0       ??$_Iter_cat@PAPAUIHVDServiceNotify@@@std@@YA?AUrandom_access_iterator_tag@0@ABQAPAUIHVDServiceNotify@@@Z 100469f0 f i HVDServiceBase.obj
 0002:0001da60       ??$_Debug_range2@PAPAUIHVDServiceNotify@@@std@@YAXPAPAUIHVDServiceNotify@@0PB_WIUrandom_access_iterator_tag@0@@Z 10046a60 f i HVDServiceBase.obj
 0002:0001db10       ??$_Fill_n@PAPAUIHVDServiceNotify@@IPAU1@@std@@YAXPAPAUIHVDServiceNotify@@IABQAU1@Urandom_access_iterator_tag@0@U_Range_checked_iterator_tag@0@@Z 10046b10 f i HVDServiceBase.obj
 0002:0001dba0       ??$unchecked_uninitialized_copy@PAPAUIHVDServiceNotify@@PAPAU1@V?$allocator@PAUIHVDServiceNotify@@@std@@@stdext@@YAPAPAUIHVDServiceNotify@@PAPAU1@00AAV?$allocator@PAUIHVDServiceNotify@@@std@@@Z 10046ba0 f i HVDServiceBase.obj
 0002:0001dc50       ??$_Fill_n@PAPAUIHVDServiceNotify@@IPAU1@@std@@YAXPAPAUIHVDServiceNotify@@IABQAU1@U_Range_checked_iterator_tag@0@@Z 10046c50 f i HVDServiceBase.obj
 0002:0001dcb0       ??$_Uninit_copy@PAPAUIHVDServiceNotify@@PAPAU1@V?$allocator@PAUIHVDServiceNotify@@@std@@@std@@YAPAPAUIHVDServiceNotify@@PAPAU1@00AAV?$allocator@PAUIHVDServiceNotify@@@0@U_Scalar_ptr_iterator_tag@0@U_Range_checked_iterator_tag@0@@Z 10046cb0 f i HVDServiceBase.obj
 0002:0001dd80       ??0CHVDServiceDxva1@HVDService@@QAE@XZ 10046d80 f   HVDServiceDxva1.obj
 0002:0001e130       ??_GCHVDServiceDxva1@HVDService@@UAEPAXI@Z 10047130 f i HVDServiceDxva1.obj
 0002:0001e130       ??_ECHVDServiceDxva1@HVDService@@UAEPAXI@Z 10047130 f i HVDServiceDxva1.obj
 0002:0001e1a0       ??0IHVDServiceDxva1@@QAE@XZ 100471a0 f i HVDServiceDxva1.obj
 0002:0001e200       ??0IHVDServiceDxva@@QAE@XZ 10047200 f i HVDServiceDxva1.obj
 0002:0001e260       ??1CHVDServiceDxva1@HVDService@@UAE@XZ 10047260 f   HVDServiceDxva1.obj
 0002:0001e4b0       ?QueryInterface@CHVDServiceDxva1@HVDService@@UAGJABU_GUID@@PAPAX@Z 100474b0 f   HVDServiceDxva1.obj
 0002:0001e5d0       ?AddRef@CHVDServiceDxva1@HVDService@@UAGKXZ 100475d0 f   HVDServiceDxva1.obj
 0002:0001e660       ?Release@CHVDServiceDxva1@HVDService@@UAGKXZ 10047660 f   HVDServiceDxva1.obj
 0002:0001e760       ?_Initialize@CHVDServiceDxva1@HVDService@@UAEJPAUHVDInitConfig@2@@Z 10047760 f   HVDServiceDxva1.obj
 0002:0001eca0       ?_Uninitialize@CHVDServiceDxva1@HVDService@@UAEJXZ 10047ca0 f   HVDServiceDxva1.obj
 0002:0001eda0       ?_StartService@CHVDServiceDxva1@HVDService@@UAEJXZ 10047da0 f   HVDServiceDxva1.obj
 0002:0001f680       ?_StopService@CHVDServiceDxva1@HVDService@@UAEJXZ 10048680 f   HVDServiceDxva1.obj
 0002:0001f7a0       ?LockCompressBuffer@CHVDServiceDxva1@HVDService@@UAGJKKPAUHVDDxvaCompBufLockInfo@2@H@Z 100487a0 f   HVDServiceDxva1.obj
 0002:0001f8c0       ?UnlockCompressBuffer@CHVDServiceDxva1@HVDService@@UAGJKK@Z 100488c0 f   HVDServiceDxva1.obj
 0002:0001f9c0       ?BeginFrame@CHVDServiceDxva1@HVDService@@UAGJK@Z 100489c0 f   HVDServiceDxva1.obj
 0002:0001fb40       ?Execute@CHVDServiceDxva1@HVDService@@UAGJPAUHVDDxvaExecuteConfig@2@@Z 10048b40 f   HVDServiceDxva1.obj
 0002:0001fc80       ?RunDXVAGraph@CHVDServiceDxva1@HVDService@@UAGJXZ 10048c80 f   HVDServiceDxva1.obj
 0002:00020080       ?EndFrame@CHVDServiceDxva1@HVDService@@UAGJK@Z 10049080 f   HVDServiceDxva1.obj
 0002:000201a0       ?GetUncompressedBufferCount@CHVDServiceDxva1@HVDService@@UAGJPAK@Z 100491a0 f   HVDServiceDxva1.obj
 0002:00020200       ?GetUncompresesdBufferFormat@CHVDServiceDxva1@HVDService@@UAGJPAK@Z 10049200 f   HVDServiceDxva1.obj
 0002:000202d0       ?GetAccel@CHVDServiceDxva1@HVDService@@UAGJPAPAUIUnknown@@@Z 100492d0 f   HVDServiceDxva1.obj
 0002:00020370       ?GetDxvaConfigPictureDecode@CHVDServiceDxva1@HVDService@@UAGJPAUHVDDXVAConfigPictureDecode@2@@Z 10049370 f   HVDServiceDxva1.obj
 0002:00020510       ?GetRendererType@CHVDServiceDxva1@HVDService@@UAGJPAK@Z 10049510 f   HVDServiceDxva1.obj
 0002:00020570       ?GetVideoRenderer@CHVDServiceDxva1@HVDService@@UAGJPAPAUIBaseFilter@@@Z 10049570 f   HVDServiceDxva1.obj
 0002:00020620       ?SetDisplaySize@CHVDServiceDxva1@HVDService@@UAGJQAUtagRECT@@@Z 10049620 f   HVDServiceDxva1.obj
 0002:00020690       ?SetVideoWindow@CHVDServiceDxva1@HVDService@@UAGJPAUHWND__@@@Z 10049690 f   HVDServiceDxva1.obj
 0002:00020b60       ?DisplayFrame@CHVDServiceDxva1@HVDService@@UAGJPAUHVDDxva1VideoFrame@2@PAUHVDDxva1SubFrame@2@@Z 10049b60 f   HVDServiceDxva1.obj
 0002:000216b0       ?Repaint@CHVDServiceDxva1@HVDService@@UAGJPAUHDC__@@PAUtagRECT@@@Z 1004a6b0 f   HVDServiceDxva1.obj
 0002:000218d0       ?CreateGraphBuilder@CHVDServiceDxva1@HVDService@@IAEJXZ 1004a8d0 f   HVDServiceDxva1.obj
 0002:00021990       ?CreateVideoRenderer@CHVDServiceDxva1@HVDService@@IAEJXZ 1004a990 f   HVDServiceDxva1.obj
 0002:00022360       ?DestroyGraph@CHVDServiceDxva1@HVDService@@IAEJXZ 1004b360 f   HVDServiceDxva1.obj
 0002:00022520       ?ConnectGraph@CHVDServiceDxva1@HVDService@@IAEJXZ 1004b520 f   HVDServiceDxva1.obj
 0002:00022950       ?DisconnectGraph@CHVDServiceDxva1@HVDService@@IAEJXZ 1004b950 f   HVDServiceDxva1.obj
 0002:00022b00       ?DestroyBinder@CHVDServiceDxva1@HVDService@@IAEJXZ 1004bb00 f   HVDServiceDxva1.obj
 0002:00022d60       ?UpdateAMVideoAccelerator@CHVDServiceDxva1@HVDService@@IAEJXZ 1004bd60 f   HVDServiceDxva1.obj
 0002:00023480       ?CheckDeinterlaceMode@CHVDServiceDxva1@HVDService@@IAEJXZ 1004c480 f   HVDServiceDxva1.obj
 0002:000238d0       ?DSUpdateOutputSample@CHVDServiceDxva1@HVDService@@IAEJPAUHVDDxva1VideoFrame@2@@Z 1004c8d0 f   HVDServiceDxva1.obj
 0002:00023f50       ?SetMixingPref@CHVDServiceDxva1@HVDService@@IAEJKH@Z 1004cf50 f   HVDServiceDxva1.obj
 0002:00024110       ?Run@CHVDServiceDxva1@HVDService@@IAEJXZ 1004d110 f   HVDServiceDxva1.obj
 0002:00024220       ?Stop@CHVDServiceDxva1@HVDService@@IAEJXZ 1004d220 f   HVDServiceDxva1.obj
 0002:000243d0       ?GetUncompSurfNum@CHVDServiceDxva1@HVDService@@IAEKXZ 1004d3d0 f   HVDServiceDxva1.obj
 0002:000247b0       ?GetRecommendedTextureSize@CHVDServiceDxva1@HVDService@@IAEHPAK0@Z 1004d7b0 f   HVDServiceDxva1.obj
 0002:00024880       ?InitializeDXVAConfig@CHVDServiceDxva1@HVDService@@IAEHXZ 1004d880 f   HVDServiceDxva1.obj
 0002:00024bd0       ?InitializeDXVAConfigPicture@CHVDServiceDxva1@HVDService@@IAEHXZ 1004dbd0 f   HVDServiceDxva1.obj
 0002:000253c0       ?InitializeDXVAConfigAlphaLoad@CHVDServiceDxva1@HVDService@@IAEHXZ 1004e3c0 f   HVDServiceDxva1.obj
 0002:00025580       ?InitializeDXVAConfigAlphaComb@CHVDServiceDxva1@HVDService@@IAEHXZ 1004e580 f   HVDServiceDxva1.obj
 0002:000257a0       ?DebugPrintMediaSample@CHVDServiceDxva1@HVDService@@IAEXPAUIMediaSample@@@Z 1004e7a0 f   HVDServiceDxva1.obj
 0002:00025990       ?GetInternalCompBufferInfo@CHVDServiceDxva1@HVDService@@UAGJPAKPAU_tag_AMVACompBufferInfo@@@Z 1004e990 f   HVDServiceDxva1.obj
 0002:00025a20       ?QueryRenderStatus@CHVDServiceDxva1@HVDService@@UAGJKKK@Z 1004ea20 f   HVDServiceDxva1.obj
 0002:00025ab0       ??$QueryInterface@UIBaseFilter@@@IUnknown@@QAGJPAPAUIBaseFilter@@@Z 1004eab0 f i HVDServiceDxva1.obj
 0002:00025b20       ??$QueryInterface@UIMemAllocator@@@IUnknown@@QAGJPAPAUIMemAllocator@@@Z 1004eb20 f i HVDServiceDxva1.obj
 0002:00025b90       ??$wcscpy_s@$0DC@@@YAHAAY0DC@_WPB_W@Z 1004eb90 f i HVDServiceDxva1.obj
 0002:00025c00       ??$QueryInterface@UIVMRFilterConfig9@@@IUnknown@@QAGJPAPAUIVMRFilterConfig9@@@Z 1004ec00 f i HVDServiceDxva1.obj
 0002:00025c70       ??$QueryInterface@UIAMVideoAccelerator@@@IUnknown@@QAGJPAPAUIAMVideoAccelerator@@@Z 1004ec70 f i HVDServiceDxva1.obj
 0002:00025ce0       ??$QueryInterface@UIVMRMixerControl9@@@IUnknown@@QAGJPAPAUIVMRMixerControl9@@@Z 1004ece0 f i HVDServiceDxva1.obj
 0002:00025d50       ??$QueryInterface@UIMediaControl@@@IUnknown@@QAGJPAPAUIMediaControl@@@Z 1004ed50 f i HVDServiceDxva1.obj
 0002:00025dc0       ??$QueryInterface@UIVideoWindow@@@IUnknown@@QAGJPAPAUIVideoWindow@@@Z 1004edc0 f i HVDServiceDxva1.obj
 0002:00025e30       ?Release@CHVDServiceDxva1@HVDService@@WBDE@AGKXZ 1004ee30 f i HVDServiceDxva1.obj
 0002:00025e40       ?AddRef@CHVDServiceDxva1@HVDService@@WBDE@AGKXZ 1004ee40 f i HVDServiceDxva1.obj
 0002:00025e50       ?QueryInterface@CHVDServiceDxva1@HVDService@@WBDE@AGJABU_GUID@@PAPAX@Z 1004ee50 f i HVDServiceDxva1.obj
 0002:00025e60       ??0CSurfacePool@HVDService@@QAE@PAUIDirectXVideoDecoderService@@@Z 1004ee60 f   HVDServiceDxva2.obj
 0002:00025fb0       ??_ECSurfacePool@HVDService@@UAEPAXI@Z 1004efb0 f i HVDServiceDxva2.obj
 0002:00025fb0       ??_GCSurfacePool@HVDService@@UAEPAXI@Z 1004efb0 f i HVDServiceDxva2.obj
 0002:00026020       ??1CSurfacePool@HVDService@@UAE@XZ 1004f020 f   HVDServiceDxva2.obj
 0002:000260c0       ?Allocate@CSurfacePool@HVDService@@QAEJPAUSurfaceInfo@2@@Z 1004f0c0 f   HVDServiceDxva2.obj
 0002:000265e0       ?Release@CSurfacePool@HVDService@@QAEJXZ 1004f5e0 f   HVDServiceDxva2.obj
 0002:00026740       ?GetSurface@CSurfacePool@HVDService@@QAEJKPAPAUIDirect3DSurface9@@@Z 1004f740 f   HVDServiceDxva2.obj
 0002:000267d0       ?_Allocate@CSurfacePool@HVDService@@IAEJKKIW4_D3DFORMAT@@H@Z 1004f7d0 f   HVDServiceDxva2.obj
 0002:00026940       ??0CHVDServiceDxva2@HVDService@@QAE@XZ 1004f940 f   HVDServiceDxva2.obj
 0002:00026b60       ??_GCHVDServiceDxva2@HVDService@@UAEPAXI@Z 1004fb60 f i HVDServiceDxva2.obj
 0002:00026b60       ??_ECHVDServiceDxva2@HVDService@@UAEPAXI@Z 1004fb60 f i HVDServiceDxva2.obj
 0002:00026bd0       ??0IHVDServiceDxva2@@QAE@XZ 1004fbd0 f i HVDServiceDxva2.obj
 0002:00026c30       ??1CHVDServiceDxva2@HVDService@@UAE@XZ 1004fc30 f   HVDServiceDxva2.obj
 0002:00026e20       ?QueryInterface@CHVDServiceDxva2@HVDService@@UAGJABU_GUID@@PAPAX@Z 1004fe20 f   HVDServiceDxva2.obj
 0002:00026f70       ?AddRef@CHVDServiceDxva2@HVDService@@UAGKXZ 1004ff70 f   HVDServiceDxva2.obj
 0002:00027000       ?Release@CHVDServiceDxva2@HVDService@@UAGKXZ 10050000 f   HVDServiceDxva2.obj
 0002:00027100       ?GetAccel@CHVDServiceDxva2@HVDService@@UAGJPAPAUIUnknown@@@Z 10050100 f   HVDServiceDxva2.obj
 0002:000271a0       ?GetDxvaConfigPictureDecode@CHVDServiceDxva2@HVDService@@UAGJPAUHVDDXVAConfigPictureDecode@2@@Z 100501a0 f   HVDServiceDxva2.obj
 0002:00027310       ?_Initialize@CHVDServiceDxva2@HVDService@@UAEJPAUHVDInitConfig@2@@Z 10050310 f   HVDServiceDxva2.obj
 0002:00027440       ?_Uninitialize@CHVDServiceDxva2@HVDService@@UAEJXZ 10050440 f   HVDServiceDxva2.obj
 0002:00027540       ?_StartService@CHVDServiceDxva2@HVDService@@UAEJXZ 10050540 f   HVDServiceDxva2.obj
 0002:00027e60       ?GetFormat@CSurfacePool@HVDService@@QAE?AW4_D3DFORMAT@@XZ 10050e60 f i HVDServiceDxva2.obj
 0002:00027ea0       ?GetSurfaces@CSurfacePool@HVDService@@QAEPAPAUIDirect3DSurface9@@XZ 10050ea0 f i HVDServiceDxva2.obj
 0002:00027ee0       ?_StopService@CHVDServiceDxva2@HVDService@@UAEJXZ 10050ee0 f   HVDServiceDxva2.obj
 0002:00028100       ?LockCompressBuffer@CHVDServiceDxva2@HVDService@@UAGJKKPAUHVDDxvaCompBufLockInfo@2@H@Z 10051100 f   HVDServiceDxva2.obj
 0002:00028210       ?UnlockCompressBuffer@CHVDServiceDxva2@HVDService@@UAGJKK@Z 10051210 f   HVDServiceDxva2.obj
 0002:00028300       ?BeginFrame@CHVDServiceDxva2@HVDService@@UAGJK@Z 10051300 f   HVDServiceDxva2.obj
 0002:00028570       ?Execute@CHVDServiceDxva2@HVDService@@UAGJPAUHVDDxvaExecuteConfig@2@@Z 10051570 f   HVDServiceDxva2.obj
 0002:00028b30       ?EndFrame@CHVDServiceDxva2@HVDService@@UAGJK@Z 10051b30 f   HVDServiceDxva2.obj
 0002:00028c20       ?GetUncompressedBufferCount@CHVDServiceDxva2@HVDService@@UAGJPAK@Z 10051c20 f   HVDServiceDxva2.obj
 0002:00028c80       ?GetUncompresesdBufferFormat@CHVDServiceDxva2@HVDService@@UAGJPAK@Z 10051c80 f   HVDServiceDxva2.obj
 0002:00028d70       ?GetUncompressedBuffer@CHVDServiceDxva2@HVDService@@UAGJKPAPAUIDirect3DSurface9@@@Z 10051d70 f   HVDServiceDxva2.obj
 0002:00028e60       ?LockUncompressedBuffer@CHVDServiceDxva2@HVDService@@UAGJKPAUHVDDxva2UncompBufLockInfo@2@@Z 10051e60 f   HVDServiceDxva2.obj
 0002:00029010       ?UnlockUncompressedBuffer@CHVDServiceDxva2@HVDService@@UAGJK@Z 10052010 f   HVDServiceDxva2.obj
 0002:00029140       ?SetCP@CHVDServiceDxva2@HVDService@@UAGJPAX@Z 10052140 f   HVDServiceDxva2.obj
 0002:00029190       ?FastReadback@CHVDServiceDxva2@HVDService@@UAGJKPAUHVDDxva2UncompBufLockInfo@2@PAUHVDFastReadbackOption@2@@Z 10052190 f   HVDServiceDxva2.obj
 0002:000293a0       ?CreateVideoService@CHVDServiceDxva2@HVDService@@IAEJPAUIUnknown@@@Z 100523a0 f   HVDServiceDxva2.obj
 0002:000297b0       ?ReleaseVideoService@CHVDServiceDxva2@HVDService@@IAEJXZ 100527b0 f   HVDServiceDxva2.obj
 0002:000299a0       ?CreateSurfaces@CHVDServiceDxva2@HVDService@@IAEJPAUSurfaceInfo@2@@Z 100529a0 f   HVDServiceDxva2.obj
 0002:00029b90       ?GetCount@CSurfacePool@HVDService@@QAEKXZ 10052b90 f i HVDServiceDxva2.obj
 0002:00029bd0       ?GetDecodeGUID@CSurfacePool@HVDService@@QAE?AU_GUID@@XZ 10052bd0 f i HVDServiceDxva2.obj
 0002:00029c40       ?ReleaseSurfaces@CHVDServiceDxva2@HVDService@@IAEJXZ 10052c40 f   HVDServiceDxva2.obj
 0002:00029d50       ?CreateDxva2Decoder@CHVDServiceDxva2@HVDService@@IAEJXZ 10052d50 f   HVDServiceDxva2.obj
 0002:0002a3a0       ?QueryInterface@CHVDServiceDxva2@HVDService@@WBDE@AGJABU_GUID@@PAPAX@Z 100533a0 f i HVDServiceDxva2.obj
 0002:0002a3b0       ?Release@CHVDServiceDxva2@HVDService@@WBDE@AGKXZ 100533b0 f i HVDServiceDxva2.obj
 0002:0002a3c0       ?AddRef@CHVDServiceDxva2@HVDService@@WBDE@AGKXZ 100533c0 f i HVDServiceDxva2.obj
 0002:0002a3d0       ??0CIntelAuxiliaryDevice@@QAE@PAUIDirect3DDevice9@@PAUHINSTANCE__@@@Z 100533d0 f   IntelAuxiliaryDevice.obj
 0002:0002a910       ??1CIntelAuxiliaryDevice@@QAE@XZ 10053910 f   IntelAuxiliaryDevice.obj
 0002:0002aa10       ?QueryAccelGuids@CIntelAuxiliaryDevice@@QAEJPAPAU_GUID@@PAI@Z 10053a10 f   IntelAuxiliaryDevice.obj
 0002:0002ac80       ?QueryAccelRTFormats@CIntelAuxiliaryDevice@@QAEJPBU_GUID@@PAPAW4_D3DFORMAT@@PAI@Z 10053c80 f   IntelAuxiliaryDevice.obj
 0002:0002aef0       ?QueryAccelFormats@CIntelAuxiliaryDevice@@QAEJPBU_GUID@@PAPAW4_D3DFORMAT@@PAI@Z 10053ef0 f   IntelAuxiliaryDevice.obj
 0002:0002b160       ?QueryAccelCaps@CIntelAuxiliaryDevice@@QAEJPBU_GUID@@PAXPAI@Z 10054160 f   IntelAuxiliaryDevice.obj
 0002:0002b2e0       ?CreateAccelService@CIntelAuxiliaryDevice@@QAEJPBU_GUID@@PAXPAI@Z 100542e0 f   IntelAuxiliaryDevice.obj
 0002:0002b470       ??0CBaseObject@@QAE@PBD@Z  10054470 f   strmbasd:combase.obj
 0002:0002b4f0       ??1CBaseObject@@QAE@XZ     100544f0 f   strmbasd:combase.obj
 0002:0002b5a0       ?LoadOLEAut32@@YAPAUHINSTANCE__@@XZ 100545a0 f   strmbasd:combase.obj
 0002:0002b610       ??0CUnknown@@QAE@PBDPAUIUnknown@@@Z 10054610 f   strmbasd:combase.obj
 0002:0002b6c0       ??0INonDelegatingUnknown@@QAE@XZ 100546c0 f i strmbasd:combase.obj
 0002:0002b700       ??0CUnknown@@QAE@PBDPAUIUnknown@@PAJ@Z 10054700 f   strmbasd:combase.obj
 0002:0002b7b0       ?NonDelegatingQueryInterface@CUnknown@@UAGJABU_GUID@@PAPAX@Z 100547b0 f   strmbasd:combase.obj
 0002:0002b850       ?NonDelegatingAddRef@CUnknown@@UAGKXZ 10054850 f   strmbasd:combase.obj
 0002:0002b940       ?NonDelegatingRelease@CUnknown@@UAGKXZ 10054940 f   strmbasd:combase.obj
 0002:0002bab0       _GetInterface@8            10054ab0 f   strmbasd:combase.obj
 0002:0002bb30       ?IsEqualObject@@YGHPAUIUnknown@@0@Z 10054b30 f   strmbasd:combase.obj
 0002:0002bdb0       ?DbgInitialise@@YGXPAUHINSTANCE__@@@Z 10054db0 f   strmbasd:wxdebug.obj
 0002:0002be90       ?DbgTerminate@@YGXXZ       10054e90 f   strmbasd:wxdebug.obj
 0002:0002bf50       ?DbgInitKeyLevels@@YGXPAUHKEY__@@_N@Z 10054f50 f   strmbasd:wxdebug.obj
 0002:0002c240       ?DbgOutString@@YGXPBD@Z    10055240 f   strmbasd:wxdebug.obj
 0002:0002c320       ?DbgUniqueProcessName@@YAJPBDPAD@Z 10055320 f   strmbasd:wxdebug.obj
 0002:0002c510       ?StringCchCopyNA@@YGJPADIPBDI@Z 10055510 f i strmbasd:wxdebug.obj
 0002:0002c5a0       ?StringCchPrintfA@@YAJPADIPBDZZ 100555a0 f i strmbasd:wxdebug.obj
 0002:0002c630       ?StringCopyNWorkerA@@YGJPADIPBDI@Z 10055630 f i strmbasd:wxdebug.obj
 0002:0002c700       ?StringVPrintfWorkerA@@YGJPADIPBD0@Z 10055700 f i strmbasd:wxdebug.obj
 0002:0002c7f0       ?DbgInitLogTo@@YGXPAUHKEY__@@@Z 100557f0 f   strmbasd:wxdebug.obj
 0002:0002cc40       ?DbgInitGlobalSettings@@YGX_N@Z 10055c40 f   strmbasd:wxdebug.obj
 0002:0002ce00       ?DbgInitModuleSettings@@YGX_N@Z 10055e00 f   strmbasd:wxdebug.obj
 0002:0002cfd0       ?DbgInitModuleName@@YGXXZ  10055fd0 f   strmbasd:wxdebug.obj
 0002:0002d100       ?_tcsrchr@@YAPADPADI@Z     10056100 f i strmbasd:wxdebug.obj
 0002:0002d160       __tcsrchr                  10056160 f i strmbasd:wxdebug.obj
 0002:0002d1c0       ?StringCchCopyA@@YGJPADIPBD@Z 100561c0 f i strmbasd:wxdebug.obj
 0002:0002d240       ?StringCopyWorkerA@@YGJPADIPBD@Z 10056240 f i strmbasd:wxdebug.obj
 0002:0002d300       ?MsgBoxThread@@YGKPAX@Z    10056300 f   strmbasd:wxdebug.obj
 0002:0002d390       ?MessageBoxOtherThread@@YAHPAUHWND__@@PBD1K@Z 10056390 f   strmbasd:wxdebug.obj
 0002:0002d4d0       ?DbgAssert@@YGXPBD0H@Z     100564d0 f   strmbasd:wxdebug.obj
 0002:0002d640       ?DbgBreakPoint@@YGXPBD0H@Z 10056640 f   strmbasd:wxdebug.obj
 0002:0002d7b0       ?DbgBreakPoint@@YAXPBDH0ZZ 100567b0 f   strmbasd:wxdebug.obj
 0002:0002d8f0       ?StringCchVPrintfA@@YGJPADIPBD0@Z 100568f0 f i strmbasd:wxdebug.obj
 0002:0002d970       ?DbgCheckModuleLevel@@YGHKK@Z 10056970 f   strmbasd:wxdebug.obj
 0002:0002da80       ?DbgSetModuleLevel@@YGXKK@Z 10056a80 f   strmbasd:wxdebug.obj
 0002:0002db10       ?DbgSetAutoRefreshLevels@@YGX_N@Z 10056b10 f   strmbasd:wxdebug.obj
 0002:0002db50       ?DbgLogInfo@@YAXKKPBDZZ    10056b50 f   strmbasd:wxdebug.obj
 0002:0002dd00       ?StringCchCatA@@YGJPADIPBD@Z 10056d00 f i strmbasd:wxdebug.obj
 0002:0002dd80       ?StringCatWorkerA@@YGJPADIPBD@Z 10056d80 f i strmbasd:wxdebug.obj
 0002:0002de50       ?StringLengthWorkerA@@YGJPBDIPAI@Z 10056e50 f i strmbasd:wxdebug.obj
 0002:0002def0       ?DbgKernelAssert@@YGXPBD0H@Z 10056ef0 f   strmbasd:wxdebug.obj
 0002:0002df70       ?DbgRegisterObjectCreation@@YGKPBDPB_W@Z 10056f70 f   strmbasd:wxdebug.obj
 0002:0002e1b0       ?DbgRegisterObjectDestruction@@YGHK@Z 100571b0 f   strmbasd:wxdebug.obj
 0002:0002e370       ?DbgDumpObjectRegister@@YGXXZ 10057370 f   strmbasd:wxdebug.obj
 0002:0002e5d0       ?DbgWaitForSingleObject@@YGKPAX@Z 100575d0 f   strmbasd:wxdebug.obj
 0002:0002e670       ?DbgWaitForMultipleObjects@@YGKKPBQAXH@Z 10057670 f   strmbasd:wxdebug.obj
 0002:0002e720       ?DbgSetWaitTimeout@@YGXK@Z 10057720 f   strmbasd:wxdebug.obj
 0002:0002e760       ??ACGuidNameList@@QAEPADABU_GUID@@@Z 10057760 f   strmbasd:wxdebug.obj
 0002:0002e830       ??0CDisp@@QAE@_JH@Z        10057830 f   strmbasd:wxdebug.obj
 0002:0002ea10       ??0CDispBasic@@QAE@XZ      10057a10 f i strmbasd:wxdebug.obj
 0002:0002ea60       ??0CDisp@@QAE@ABU_GUID@@@Z 10057a60 f   strmbasd:wxdebug.obj
 0002:0002eb90       ??0CDisp@@QAE@VCRefTime@@@Z 10057b90 f   strmbasd:wxdebug.obj
 0002:0002f020       ??BCRefTime@@QBE_JXZ       10058020 f i strmbasd:wxdebug.obj
 0002:0002f060       ??4CRefTime@@QAEAAV0@_J@Z  10058060 f i strmbasd:wxdebug.obj
 0002:0002f0b0       ??0CDisp@@QAE@PAUIPin@@@Z  100580b0 f   strmbasd:wxdebug.obj
 0002:0002f380       ??0CDisp@@QAE@PAUIUnknown@@@Z 10058380 f   strmbasd:wxdebug.obj
 0002:0002f640       ??1CDisp@@QAE@XZ           10058640 f   strmbasd:wxdebug.obj
 0002:0002f690       ??1CDispBasic@@QAE@XZ      10058690 f   strmbasd:wxdebug.obj
 0002:0002f710       ??0CDisp@@QAE@N@Z          10058710 f   strmbasd:wxdebug.obj
 0002:0002f800       ?DisplayType@@YGXPBDPBU_AMMediaType@@@Z 10058800 f   strmbasd:wxdebug.obj
 0002:0002fe10       ?DumpGraph@@YGXPAUIFilterGraph@@K@Z 10058e10 f   strmbasd:wxdebug.obj
 0002:000303d0       ??1CMediaType@@QAE@XZ      100593d0 f   strmbasd:mtype.obj
 0002:00030420       ??0CMediaType@@QAE@XZ      10059420 f   strmbasd:mtype.obj
 0002:00030480       ??0CMediaType@@QAE@PBU_GUID@@@Z 10059480 f   strmbasd:mtype.obj
 0002:00030500       ??0CMediaType@@QAE@ABU_AMMediaType@@PAJ@Z 10059500 f   strmbasd:mtype.obj
 0002:00030580       ??0CMediaType@@QAE@ABV0@PAJ@Z 10059580 f   strmbasd:mtype.obj
 0002:00030600       ??4CMediaType@@QAEAAV0@ABU_AMMediaType@@@Z 10059600 f   strmbasd:mtype.obj
 0002:00030660       ??4CMediaType@@QAEAAV0@ABV0@@Z 10059660 f   strmbasd:mtype.obj
 0002:000306c0       ??8CMediaType@@QBEHABV0@@Z 100596c0 f   strmbasd:mtype.obj
 0002:000307f0       ??9CMediaType@@QBEHABV0@@Z 100597f0 f   strmbasd:mtype.obj
 0002:00030860       ?Set@CMediaType@@QAEJABV1@@Z 10059860 f   strmbasd:mtype.obj
 0002:000308c0       ?Set@CMediaType@@QAEJABU_AMMediaType@@@Z 100598c0 f   strmbasd:mtype.obj
 0002:00030950       ?IsValid@CMediaType@@QBEHXZ 10059950 f   strmbasd:mtype.obj
 0002:000309c0       ?SetType@CMediaType@@QAEXPBU_GUID@@@Z 100599c0 f   strmbasd:mtype.obj
 0002:00030a20       ?SetSubtype@CMediaType@@QAEXPBU_GUID@@@Z 10059a20 f   strmbasd:mtype.obj
 0002:00030a80       ?GetSampleSize@CMediaType@@QBEKXZ 10059a80 f   strmbasd:mtype.obj
 0002:00030af0       ?IsFixedSize@CMediaType@@QBEHXZ 10059af0 f i strmbasd:mtype.obj
 0002:00030b30       ?SetSampleSize@CMediaType@@QAEXK@Z 10059b30 f   strmbasd:mtype.obj
 0002:00030bb0       ?SetVariableSize@CMediaType@@QAEXXZ 10059bb0 f   strmbasd:mtype.obj
 0002:00030c00       ?SetTemporalCompression@CMediaType@@QAEXH@Z 10059c00 f   strmbasd:mtype.obj
 0002:00030c50       ?SetFormat@CMediaType@@QAEHPAEK@Z 10059c50 f   strmbasd:mtype.obj
 0002:00030d00       ?SetFormatType@CMediaType@@QAEXPBU_GUID@@@Z 10059d00 f   strmbasd:mtype.obj
 0002:00030d60       ?ResetFormatBuffer@CMediaType@@QAEXXZ 10059d60 f   strmbasd:mtype.obj
 0002:00030df0       ?AllocFormatBuffer@CMediaType@@QAEPAEK@Z 10059df0 f   strmbasd:mtype.obj
 0002:00030f30       ?ReallocFormatBuffer@CMediaType@@QAEPAEK@Z 10059f30 f   strmbasd:mtype.obj
 0002:000310c0       ?InitMediaType@CMediaType@@QAEXXZ 1005a0c0 f   strmbasd:mtype.obj
 0002:00031140       ?IsPartiallySpecified@CMediaType@@QBEHXZ 1005a140 f   strmbasd:mtype.obj
 0002:000311d0       ?MatchesPartial@CMediaType@@QBEHPBV1@@Z 1005a1d0 f   strmbasd:mtype.obj
 0002:00031330       ?DeleteMediaType@@YGXPAU_AMMediaType@@@Z 1005a330 f   strmbasd:mtype.obj
 0002:000313a0       ?CreateMediaType@@YGPAU_AMMediaType@@PBU1@@Z 1005a3a0 f   strmbasd:mtype.obj
 0002:00031470       ?CopyMediaType@@YGJPAU_AMMediaType@@PBU1@@Z 1005a470 f   strmbasd:mtype.obj
 0002:000315c0       ?FreeMediaType@@YGXAAU_AMMediaType@@@Z 1005a5c0 f   strmbasd:mtype.obj
 0002:00031680       _CreateAudioMediaType@12   1005a680 f   strmbasd:mtype.obj
 0002:000318b0       ??0FOURCCMap@@QAE@K@Z      1005a8b0 f i strmbasd:mtype.obj
 0002:00031920       ??0CBaseList@@QAE@PBDH@Z   1005a920 f   strmbasd:wxlist.obj
 0002:00031a00       ??0CNodeCache@CBaseList@@QAE@H@Z 1005aa00 f i strmbasd:wxlist.obj
 0002:00031a60       ??0CBaseList@@QAE@PBD@Z    1005aa60 f   strmbasd:wxlist.obj
 0002:00031b40       ??1CBaseList@@QAE@XZ       1005ab40 f   strmbasd:wxlist.obj
 0002:00031c00       ??1CNodeCache@CBaseList@@QAE@XZ 1005ac00 f i strmbasd:wxlist.obj
 0002:00031cc0       ?Next@CNode@CBaseList@@QBEPAV12@XZ 1005acc0 f i strmbasd:wxlist.obj
 0002:00031d00       ??_GCNode@CBaseList@@QAEPAXI@Z 1005ad00 f i strmbasd:wxlist.obj
 0002:00031d70       ??1CNode@CBaseList@@QAE@XZ 1005ad70 f i strmbasd:wxlist.obj
 0002:00031dc0       ?RemoveAll@CBaseList@@QAEXXZ 1005adc0 f   strmbasd:wxlist.obj
 0002:00031eb0       ?GetHeadPositionI@CBaseList@@QBEPAU__POSITION@@XZ 1005aeb0 f   strmbasd:wxlist.obj
 0002:00031ef0       ?GetTailPositionI@CBaseList@@QBEPAU__POSITION@@XZ 1005aef0 f   strmbasd:wxlist.obj
 0002:00031f30       ?GetCountI@CBaseList@@QBEHXZ 1005af30 f   strmbasd:wxlist.obj
 0002:00031f70       ?GetNextI@CBaseList@@IBEPAXAAPAU__POSITION@@@Z 1005af70 f   strmbasd:wxlist.obj
 0002:00032020       ?GetData@CNode@CBaseList@@QBEPAXXZ 1005b020 f i strmbasd:wxlist.obj
 0002:00032060       ?GetI@CBaseList@@IBEPAXPAU__POSITION@@@Z 1005b060 f   strmbasd:wxlist.obj
 0002:000320d0       ?GetValidI@CBaseList@@IBEPAXPAU__POSITION@@@Z 1005b0d0 f   strmbasd:wxlist.obj
 0002:00032130       ?FindI@CBaseList@@IBEPAU__POSITION@@PAX@Z 1005b130 f   strmbasd:wxlist.obj
 0002:000321d0       ?Next@CBaseList@@QBEPAU__POSITION@@PAU2@@Z 1005b1d0 f i strmbasd:wxlist.obj
 0002:00032240       ?RemoveHeadI@CBaseList@@IAEPAXXZ 1005b240 f   strmbasd:wxlist.obj
 0002:000322a0       ?RemoveTailI@CBaseList@@IAEPAXXZ 1005b2a0 f   strmbasd:wxlist.obj
 0002:00032300       ?RemoveI@CBaseList@@IAEPAXPAU__POSITION@@@Z 1005b300 f   strmbasd:wxlist.obj
 0002:00032470       ?Prev@CNode@CBaseList@@QBEPAV12@XZ 1005b470 f i strmbasd:wxlist.obj
 0002:000324b0       ?SetPrev@CNode@CBaseList@@QAEXPAV12@@Z 1005b4b0 f i strmbasd:wxlist.obj
 0002:00032500       ?SetNext@CNode@CBaseList@@QAEXPAV12@@Z 1005b500 f i strmbasd:wxlist.obj
 0002:00032550       ?AddToCache@CNodeCache@CBaseList@@QAEXPAVCNode@2@@Z 1005b550 f i strmbasd:wxlist.obj
 0002:00032630       ?AddTailI@CBaseList@@IAEPAU__POSITION@@PAX@Z 1005b630 f   strmbasd:wxlist.obj
 0002:000327c0       ??0CNode@CBaseList@@QAE@XZ 1005b7c0 f i strmbasd:wxlist.obj
 0002:00032820       ?SetData@CNode@CBaseList@@QAEXPAX@Z 1005b820 f i strmbasd:wxlist.obj
 0002:00032870       ?RemoveFromCache@CNodeCache@CBaseList@@QAEPAVCNode@2@XZ 1005b870 f i strmbasd:wxlist.obj
 0002:00032940       ?AddHeadI@CBaseList@@IAEPAU__POSITION@@PAX@Z 1005b940 f   strmbasd:wxlist.obj
 0002:00032ad0       ?AddTail@CBaseList@@QAEHPAV1@@Z 1005bad0 f   strmbasd:wxlist.obj
 0002:00032b90       ?AddHead@CBaseList@@QAEHPAV1@@Z 1005bb90 f   strmbasd:wxlist.obj
 0002:00032c30       ?Prev@CBaseList@@QBEPAU__POSITION@@PAU2@@Z 1005bc30 f i strmbasd:wxlist.obj
 0002:00032ca0       ?AddAfterI@CBaseList@@IAEPAU__POSITION@@PAU2@PAX@Z 1005bca0 f   strmbasd:wxlist.obj
 0002:00032ec0       ?AddAfter@CBaseList@@QAEHPAU__POSITION@@PAV1@@Z 1005bec0 f   strmbasd:wxlist.obj
 0002:00032f70       ?AddBeforeI@CBaseList@@IAEPAU__POSITION@@PAU2@PAX@Z 1005bf70 f   strmbasd:wxlist.obj
 0002:00033190       ?AddBefore@CBaseList@@QAEHPAU__POSITION@@PAV1@@Z 1005c190 f   strmbasd:wxlist.obj
 0002:00033240       ?MoveToTail@CBaseList@@QAEHPAU__POSITION@@PAV1@@Z 1005c240 f   strmbasd:wxlist.obj
 0002:000333c0       ?MoveToHead@CBaseList@@QAEHPAU__POSITION@@PAV1@@Z 1005c3c0 f   strmbasd:wxlist.obj
 0002:00033540       ?Reverse@CBaseList@@QAEXXZ 1005c540 f   strmbasd:wxlist.obj
 0002:00033600       _CreateMemoryAllocator@4   1005c600 f   strmbasd:amfilter.obj
 0002:00033670       _CreatePosPassThru@16      1005c670 f   strmbasd:amfilter.obj
 0002:00033830       ??0CBaseMediaFilter@@QAE@PBDPAUIUnknown@@PAVCCritSec@@ABU_GUID@@@Z 1005c830 f   strmbasd:amfilter.obj
 0002:00033940       ??0CRefTime@@QAE@XZ        1005c940 f i strmbasd:amfilter.obj
 0002:00033990       ??0IMediaFilter@@QAE@XZ    1005c990 f i strmbasd:amfilter.obj
 0002:000339f0       ??0IPersist@@QAE@XZ        1005c9f0 f i strmbasd:amfilter.obj
 0002:00033a50       ??1CBaseMediaFilter@@UAE@XZ 1005ca50 f   strmbasd:amfilter.obj
 0002:00033b20       ?NonDelegatingQueryInterface@CBaseMediaFilter@@UAGJABU_GUID@@PAPAX@Z 1005cb20 f   strmbasd:amfilter.obj
 0002:00033c30       ?GetClassID@CBaseMediaFilter@@UAGJPAU_GUID@@@Z 1005cc30 f   strmbasd:amfilter.obj
 0002:00033ca0       ?GetState@CBaseMediaFilter@@UAGJKPAW4_FilterState@@@Z 1005cca0 f   strmbasd:amfilter.obj
 0002:00033d00       ?SetSyncSource@CBaseMediaFilter@@UAGJPAUIReferenceClock@@@Z 1005cd00 f   strmbasd:amfilter.obj
 0002:00033e60       ?GetSyncSource@CBaseMediaFilter@@UAGJPAPAUIReferenceClock@@@Z 1005ce60 f   strmbasd:amfilter.obj
 0002:00033fb0       ?Stop@CBaseMediaFilter@@UAGJXZ 1005cfb0 f   strmbasd:amfilter.obj
 0002:00034070       ?Pause@CBaseMediaFilter@@UAGJXZ 1005d070 f   strmbasd:amfilter.obj
 0002:00034130       ?Run@CBaseMediaFilter@@UAGJ_J@Z 1005d130 f   strmbasd:amfilter.obj
 0002:000342b0       ?StreamTime@CBaseMediaFilter@@UAEJAAVCRefTime@@@Z 1005d2b0 f   strmbasd:amfilter.obj
 0002:00034360       ??ZCRefTime@@QAEAAV0@ABV0@@Z 1005d360 f i strmbasd:amfilter.obj
 0002:000343e0       ?NonDelegatingQueryInterface@CBaseFilter@@UAGJABU_GUID@@PAPAX@Z 1005d3e0 f   strmbasd:amfilter.obj
 0002:000345b0       ?NonDelegatingRelease@CBaseFilter@@UAGKXZ 1005d5b0 f   strmbasd:amfilter.obj
 0002:00034630       ??0CBaseFilter@@QAE@PBDPAUIUnknown@@PAVCCritSec@@ABU_GUID@@@Z 1005d630 f   strmbasd:amfilter.obj
 0002:000347a0       ??0IBaseFilter@@QAE@XZ     1005d7a0 f i strmbasd:amfilter.obj
 0002:00034800       ??0IAMovieSetup@@QAE@XZ    1005d800 f i strmbasd:amfilter.obj
 0002:00034860       ??0CBaseFilter@@QAE@PBDPAUIUnknown@@PAVCCritSec@@ABU_GUID@@PAJ@Z 1005d860 f   strmbasd:amfilter.obj
 0002:000349d0       ??1CBaseFilter@@UAE@XZ     1005d9d0 f   strmbasd:amfilter.obj
 0002:00034ad0       ?GetClassID@CBaseFilter@@UAGJPAU_GUID@@@Z 1005dad0 f   strmbasd:amfilter.obj
 0002:00034b40       ?GetState@CBaseFilter@@UAGJKPAW4_FilterState@@@Z 1005db40 f   strmbasd:amfilter.obj
 0002:00034ba0       ?SetSyncSource@CBaseFilter@@UAGJPAUIReferenceClock@@@Z 1005dba0 f   strmbasd:amfilter.obj
[...]
 0004:00007ae4       ?atlTraceString@ATL@@3VCTraceCategory@1@A 100a3ae4     atlsd:atltrace.obj
 0004:00007ae8       ?atlTraceMap@ATL@@3VCTraceCategory@1@A 100a3ae8     atlsd:atltrace.obj
 0004:00007aec       ?atlTraceUtil@ATL@@3VCTraceCategory@1@A 100a3aec     atlsd:atltrace.obj
 0004:00007af0       ?atlTraceSecurity@ATL@@3VCTraceCategory@1@A 100a3af0     atlsd:atltrace.obj
 0004:00007af4       ?atlTraceSync@ATL@@3VCTraceCategory@1@A 100a3af4     atlsd:atltrace.obj
 0004:00007af8       ?atlTraceISAPI@ATL@@3VCTraceCategory@1@A 100a3af8     atlsd:atltrace.obj
 0004:00007afc       ?atlTraceUser@ATL@@3VCTraceCategory@1@A 100a3afc     atlsd:atltrace.obj
 0004:00007b00       ?atlTraceUser2@ATL@@3VCTraceCategory@1@A 100a3b00     atlsd:atltrace.obj
 0004:00007b04       ?atlTraceUser3@ATL@@3VCTraceCategory@1@A 100a3b04     atlsd:atltrace.obj
 0004:00007b08       ?atlTraceUser4@ATL@@3VCTraceCategory@1@A 100a3b08     atlsd:atltrace.obj
 0004:00007b24       ?g_Allocator@@3VCAtlAllocator@@A 100a3b24     atlsd:Externs.obj
 0004:00007b58       ?s_trace@CTrace@ATL@@2V12@A 100a3b58     atlsd:Externs.obj
 0004:00007b6c       __adjust_fdiv              100a3b6c     <common>
 0004:00007b78       ___native_startup_state    100a3b78     <common>
 0004:00007b88       ___native_startup_lock     100a3b88     <common>
 0004:00007b8c       ___onexitend               100a3b8c     <common>
 0004:00007b9c       ___onexitbegin             100a3b9c     <common>
 0004:00007ba0       ___sse2_available          100a3ba0     <common>
 0004:00007bac       ___dyn_tls_init_callback   100a3bac     <common>
 0005:00000000       __IMPORT_DESCRIPTOR_d3d9   100a4000     d3d9:d3d9.dll
 0005:00000014       __IMPORT_DESCRIPTOR_WINMM  100a4014     winmm:WINMM.dll
 0005:00000028       __IMPORT_DESCRIPTOR_KERNEL32 100a4028     kernel32:KERNEL32.dll
 0005:0000003c       __IMPORT_DESCRIPTOR_USER32 100a403c     user32:USER32.dll
 0005:00000050       __IMPORT_DESCRIPTOR_ADVAPI32 100a4050     advapi32:ADVAPI32.dll
 0005:00000064       __IMPORT_DESCRIPTOR_ole32  100a4064     ole32:ole32.dll
 0005:00000078       __IMPORT_DESCRIPTOR_OLEAUT32 100a4078     oleaut32:OLEAUT32.dll
 0005:0000008c       __IMPORT_DESCRIPTOR_MSVCR80D 100a408c     MSVCRTD:MSVCR80D.dll
 0005:000000a0       __IMPORT_DESCRIPTOR_MSVCP80D 100a40a0     msvcprtd:MSVCP80D.dll
 0005:000000b4       __IMPORT_DESCRIPTOR_DDRAW  100a40b4     ddraw:DDRAW.dll
 0005:000000c8       __IMPORT_DESCRIPTOR_GDI32  100a40c8     gdi32:GDI32.dll
 0005:000000dc       __NULL_IMPORT_DESCRIPTOR   100a40dc     d3d9:d3d9.dll
 0005:0000066c       __imp__RegQueryValueExA@24 100a466c     advapi32:ADVAPI32.dll
 0005:00000670       __imp__RegCreateKeyExA@36  100a4670     advapi32:ADVAPI32.dll
 0005:00000674       __imp__RegCloseKey@4       100a4674     advapi32:ADVAPI32.dll
 0005:00000678       __imp__OpenThreadToken@16  100a4678     advapi32:ADVAPI32.dll
 0005:0000067c       __imp__RegSetValueExA@24   100a467c     advapi32:ADVAPI32.dll
 0005:00000680       __imp__SetThreadToken@8    100a4680     advapi32:ADVAPI32.dll
 0005:00000684       __imp__RevertToSelf@0      100a4684     advapi32:ADVAPI32.dll
 0005:00000688       \177ADVAPI32_NULL_THUNK_DATA 100a4688     advapi32:ADVAPI32.dll
 0005:000006b8       __imp__DirectDrawCreate@12 100a46b8     ddraw:DDRAW.dll
 0005:000006bc       \177DDRAW_NULL_THUNK_DATA  100a46bc     ddraw:DDRAW.dll
 0005:000006e8       __imp__GetDCOrgEx@8        100a46e8     gdi32:GDI32.dll
 0005:000006ec       __imp__GetClipBox@8        100a46ec     gdi32:GDI32.dll
 0005:000006f0       \177GDI32_NULL_THUNK_DATA  100a46f0     gdi32:GDI32.dll
 0005:0000071c       __imp__Sleep@4             100a471c     kernel32:KERNEL32.dll
 0005:00000720       __imp__FreeLibrary@4       100a4720     kernel32:KERNEL32.dll
 0005:00000724       __imp__LoadLibraryA@4      100a4724     kernel32:KERNEL32.dll
 0005:00000728       __imp__DebugBreak@0        100a4728     kernel32:KERNEL32.dll
 0005:0000072c       __imp__GetProfileIntA@12   100a472c     kernel32:KERNEL32.dll
 0005:00000730       __imp__InitializeCriticalSection@4 100a4730     kernel32:KERNEL32.dll
 0005:00000734       __imp__DeleteCriticalSection@4 100a4734     kernel32:KERNEL32.dll
 0005:00000738       __imp__CloseHandle@4       100a4738     kernel32:KERNEL32.dll
 0005:0000073c       __imp__OutputDebugStringA@4 100a473c     kernel32:KERNEL32.dll
 0005:00000740       __imp__WriteFile@20        100a4740     kernel32:KERNEL32.dll
 0005:00000744       __imp__lstrlenA@4          100a4744     kernel32:KERNEL32.dll
 0005:00000748       __imp__SetFilePointer@16   100a4748     kernel32:KERNEL32.dll
 0005:0000074c       __imp__GetLastError@0      100a474c     kernel32:KERNEL32.dll
 0005:00000750       __imp__CreateFileA@28      100a4750     kernel32:KERNEL32.dll
 0005:00000754       __imp__SetConsoleTitleA@4  100a4754     kernel32:KERNEL32.dll
 0005:00000758       __imp__AllocConsole@0      100a4758     kernel32:KERNEL32.dll
 0005:0000075c       __imp__GetStdHandle@4      100a475c     kernel32:KERNEL32.dll
 0005:00000760       __imp__lstrcmpiA@8         100a4760     kernel32:KERNEL32.dll
 0005:00000764       __imp__GetModuleFileNameA@12 100a4764     kernel32:KERNEL32.dll
 0005:00000768       __imp__WaitForSingleObject@8 100a4768     kernel32:KERNEL32.dll
 0005:0000076c       __imp__CreateThread@24     100a476c     kernel32:KERNEL32.dll
 0005:00000770       __imp__FatalAppExitA@8     100a4770     kernel32:KERNEL32.dll
 0005:00000774       __imp__GetCurrentThreadId@0 100a4774     kernel32:KERNEL32.dll
 0005:00000778       __imp__LeaveCriticalSection@4 100a4778     kernel32:KERNEL32.dll
 0005:0000077c       __imp__EnterCriticalSection@4 100a477c     kernel32:KERNEL32.dll
 0005:00000780       __imp__GetModuleHandleA@4  100a4780     kernel32:KERNEL32.dll
 0005:00000784       __imp__WaitForMultipleObjects@16 100a4784     kernel32:KERNEL32.dll
 0005:00000788       __imp__GetACP@0            100a4788     kernel32:KERNEL32.dll
 0005:0000078c       __imp__lstrlenW@4          100a478c     kernel32:KERNEL32.dll
 0005:00000790       __imp__lstrcmpW@8          100a4790     kernel32:KERNEL32.dll
 0005:00000794       __imp__InterlockedDecrement@4 100a4794     kernel32:KERNEL32.dll
 0005:00000798       __imp__ResetEvent@4        100a4798     kernel32:KERNEL32.dll
 0005:0000079c       __imp__MulDiv@12           100a479c     kernel32:KERNEL32.dll
 0005:000007a0       __imp__GetCurrentProcess@0 100a47a0     kernel32:KERNEL32.dll
 0005:000007a4       __imp__SetEvent@4          100a47a4     kernel32:KERNEL32.dll
 0005:000007a8       __imp__CreateSemaphoreA@16 100a47a8     kernel32:KERNEL32.dll
 0005:000007ac       __imp__ReleaseSemaphore@12 100a47ac     kernel32:KERNEL32.dll
 0005:000007b0       __imp__GetSystemInfo@4     100a47b0     kernel32:KERNEL32.dll
 0005:000007b4       __imp__VirtualAlloc@16     100a47b4     kernel32:KERNEL32.dll
 0005:000007b8       __imp__VirtualFree@12      100a47b8     kernel32:KERNEL32.dll
 0005:000007bc       __imp__InterlockedExchange@8 100a47bc     kernel32:KERNEL32.dll
 0005:000007c0       __imp__SetThreadPriority@8 100a47c0     kernel32:KERNEL32.dll
 0005:000007c4       __imp__GetThreadPriority@4 100a47c4     kernel32:KERNEL32.dll
 0005:000007c8       __imp__GetCurrentThread@0  100a47c8     kernel32:KERNEL32.dll
 0005:000007cc       __imp__GetTickCount@0      100a47cc     kernel32:KERNEL32.dll
 0005:000007d0       __imp__GetVersionExA@4     100a47d0     kernel32:KERNEL32.dll
 0005:000007d4       __imp__SetUnhandledExceptionFilter@4 100a47d4     kernel32:KERNEL32.dll
 0005:000007d8       __imp__UnhandledExceptionFilter@4 100a47d8     kernel32:KERNEL32.dll
 0005:000007dc       __imp__TerminateProcess@8  100a47dc     kernel32:KERNEL32.dll
 0005:000007e0       __imp__InterlockedCompareExchange@12 100a47e0     kernel32:KERNEL32.dll
 0005:000007e4       __imp__IsDebuggerPresent@0 100a47e4     kernel32:KERNEL32.dll
 0005:000007e8       __imp__RaiseException@16   100a47e8     kernel32:KERNEL32.dll
 0005:000007ec       __imp__WideCharToMultiByte@32 100a47ec     kernel32:KERNEL32.dll
 0005:000007f0       __imp__MultiByteToWideChar@24 100a47f0     kernel32:KERNEL32.dll
 0005:000007f4       __imp__GetCurrentProcessId@0 100a47f4     kernel32:KERNEL32.dll
 0005:000007f8       __imp__InterlockedIncrement@4 100a47f8     kernel32:KERNEL32.dll
 0005:000007fc       __imp__GetProcAddress@8    100a47fc     kernel32:KERNEL32.dll
 0005:00000800       __imp__HeapFree@12         100a4800     kernel32:KERNEL32.dll
 0005:00000804       __imp__HeapAlloc@12        100a4804     kernel32:KERNEL32.dll
 0005:00000808       __imp__GetProcessHeap@0    100a4808     kernel32:KERNEL32.dll
 0005:0000080c       __imp__GetModuleFileNameW@12 100a480c     kernel32:KERNEL32.dll
 0005:00000810       __imp__CreateEventA@16     100a4810     kernel32:KERNEL32.dll
 0005:00000814       __imp__DisableThreadLibraryCalls@4 100a4814     kernel32:KERNEL32.dll
 0005:00000818       __imp__OpenFileMappingA@12 100a4818     kernel32:KERNEL32.dll
 0005:0000081c       __imp__GetVersion@0        100a481c     kernel32:KERNEL32.dll
 0005:00000820       __imp__CreateFileMappingA@24 100a4820     kernel32:KERNEL32.dll
 0005:00000824       __imp__MapViewOfFile@20    100a4824     kernel32:KERNEL32.dll
 0005:00000828       __imp__UnmapViewOfFile@4   100a4828     kernel32:KERNEL32.dll
 0005:0000082c       __imp__OutputDebugStringW@4 100a482c     kernel32:KERNEL32.dll
 0005:00000830       __imp__OpenEventA@12       100a4830     kernel32:KERNEL32.dll
 0005:00000834       __imp__GetThreadLocale@0   100a4834     kernel32:KERNEL32.dll
 0005:00000838       __imp__VirtualQuery@12     100a4838     kernel32:KERNEL32.dll
 0005:0000083c       __imp__GetSystemTimeAsFileTime@4 100a483c     kernel32:KERNEL32.dll
 0005:00000840       __imp__QueryPerformanceCounter@4 100a4840     kernel32:KERNEL32.dll
 0005:00000844       __imp__CreateMutexA@12     100a4844     kernel32:KERNEL32.dll
 0005:00000848       __imp__ReleaseMutex@4      100a4848     kernel32:KERNEL32.dll
 0005:0000084c       __imp__DuplicateHandle@28  100a484c     kernel32:KERNEL32.dll
 0005:00000850       __imp__GetLocaleInfoA@16   100a4850     kernel32:KERNEL32.dll
 0005:00000854       \177KERNEL32_NULL_THUNK_DATA 100a4854     kernel32:KERNEL32.dll
 0005:000008bc       __imp_??0?$basic_string@DU?$char_traits@D@std@@V?$allocator@D@2@@std@@QAE@ABV01@@Z 100a48bc     msvcprtd:MSVCP80D.dll
 0005:000008c0       __imp_??0?$basic_string@DU?$char_traits@D@std@@V?$allocator@D@2@@std@@QAE@PBD@Z 100a48c0     msvcprtd:MSVCP80D.dll
 0005:000008c4       __imp_??1?$basic_string@DU?$char_traits@D@std@@V?$allocator@D@2@@std@@QAE@XZ 100a48c4     msvcprtd:MSVCP80D.dll
 0005:000008c8       __imp_??0_Container_base@std@@QAE@XZ 100a48c8     msvcprtd:MSVCP80D.dll
 0005:000008cc       __imp_?_Orphan_all@_Container_base@std@@QBEXXZ 100a48cc     msvcprtd:MSVCP80D.dll
 0005:000008d0       __imp_??1_Container_base@std@@QAE@XZ 100a48d0     msvcprtd:MSVCP80D.dll
 0005:000008d4       __imp_?_Debug_message@std@@YAXPB_W0I@Z 100a48d4     msvcprtd:MSVCP80D.dll
 0005:000008d8       __imp_??0_Lockit@std@@QAE@H@Z 100a48d8     msvcprtd:MSVCP80D.dll
 0005:000008dc       __imp_??1_Lockit@std@@QAE@XZ 100a48dc     msvcprtd:MSVCP80D.dll
 0005:000008e0       __imp_?c_str@?$basic_string@DU?$char_traits@D@std@@V?$allocator@D@2@@std@@QBEPBDXZ 100a48e0     msvcprtd:MSVCP80D.dll
 0005:000008e4       \177MSVCP80D_NULL_THUNK_DATA 100a48e4     msvcprtd:MSVCP80D.dll
 0005:00000918       __imp___recalloc           100a4918     MSVCRTD:MSVCR80D.dll
 0005:0000091c       __imp_??_V@YAXPAX@Z        100a491c     MSVCRTD:MSVCR80D.dll
 0005:00000920       __imp_??_U@YAPAXI@Z        100a4920     MSVCRTD:MSVCR80D.dll
 0005:00000924       __imp___CrtDbgReportW      100a4924     MSVCRTD:MSVCR80D.dll
 0005:00000928       __imp___purecall           100a4928     MSVCRTD:MSVCR80D.dll
 0005:0000092c       __imp___invalid_parameter  100a492c     MSVCRTD:MSVCR80D.dll
 0005:00000930       __imp___CxxThrowException@8 100a4930     MSVCRTD:MSVCR80D.dll
 0005:00000934       __imp_??0exception@std@@QAE@ABV01@@Z 100a4934     MSVCRTD:MSVCR80D.dll
 0005:00000938       __imp_??1exception@std@@UAE@XZ 100a4938     MSVCRTD:MSVCR80D.dll
 0005:0000093c       __imp_??0exception@std@@QAE@XZ 100a493c     MSVCRTD:MSVCR80D.dll
 0005:00000940       __imp_??0exception@std@@QAE@ABQBD@Z 100a4940     MSVCRTD:MSVCR80D.dll
 0005:00000944       __imp_?what@exception@std@@UBEPBDXZ 100a4944     MSVCRTD:MSVCR80D.dll
 0005:00000948       __imp__memmove_s           100a4948     MSVCRTD:MSVCR80D.dll
 0005:0000094c       __imp__wcscpy_s            100a494c     MSVCRTD:MSVCR80D.dll
 0005:00000950       __imp___vsnprintf          100a4950     MSVCRTD:MSVCR80D.dll
 0005:00000954       __imp___mbsrchr            100a4954     MSVCRTD:MSVCR80D.dll
 0005:00000958       __imp__strncpy_s           100a4958     MSVCRTD:MSVCR80D.dll
 0005:0000095c       __imp___mbscmp             100a495c     MSVCRTD:MSVCR80D.dll
 0005:00000960       __imp___mbsnbcpy_s         100a4960     MSVCRTD:MSVCR80D.dll
 0005:00000964       __imp___mbsnicmp           100a4964     MSVCRTD:MSVCR80D.dll
 0005:00000968       __imp__strcmp              100a4968     MSVCRTD:MSVCR80D.dll
 0005:0000096c       __imp___encode_pointer     100a496c     MSVCRTD:MSVCR80D.dll
 0005:00000970       __imp___malloc_dbg         100a4970     MSVCRTD:MSVCR80D.dll
 0005:00000974       __imp___encoded_null       100a4974     MSVCRTD:MSVCR80D.dll
 0005:00000978       __imp___free_dbg           100a4978     MSVCRTD:MSVCR80D.dll
 0005:0000097c       __imp___decode_pointer     100a497c     MSVCRTD:MSVCR80D.dll
 0005:00000980       __imp___CrtSetCheckCount   100a4980     MSVCRTD:MSVCR80D.dll
 0005:00000984       __imp___initterm           100a4984     MSVCRTD:MSVCR80D.dll
 0005:00000988       __imp___initterm_e         100a4988     MSVCRTD:MSVCR80D.dll
 0005:0000098c       __imp___amsg_exit          100a498c     MSVCRTD:MSVCR80D.dll
 0005:00000990       __imp___adjust_fdiv        100a4990     MSVCRTD:MSVCR80D.dll
 0005:00000994       __imp____CppXcptFilter     100a4994     MSVCRTD:MSVCR80D.dll
 0005:00000998       __imp___crt_debugger_hook  100a4998     MSVCRTD:MSVCR80D.dll
 0005:0000099c       __imp_?terminate@@YAXXZ    100a499c     MSVCRTD:MSVCR80D.dll
 0005:000009a0       __imp_?_type_info_dtor_internal_method@type_info@@QAEXXZ 100a49a0     MSVCRTD:MSVCR80D.dll
 0005:000009a4       __imp___except_handler4_common 100a49a4     MSVCRTD:MSVCR80D.dll
 0005:000009a8       __imp____clean_type_info_names_internal 100a49a8     MSVCRTD:MSVCR80D.dll
 0005:000009ac       __imp___unlock             100a49ac     MSVCRTD:MSVCR80D.dll
 0005:000009b0       __imp____dllonexit         100a49b0     MSVCRTD:MSVCR80D.dll
 0005:000009b4       __imp___lock               100a49b4     MSVCRTD:MSVCR80D.dll
 0005:000009b8       __imp___onexit             100a49b8     MSVCRTD:MSVCR80D.dll
 0005:000009bc       __imp___mbsstr             100a49bc     MSVCRTD:MSVCR80D.dll
 0005:000009c0       __imp__strcpy_s            100a49c0     MSVCRTD:MSVCR80D.dll
 0005:000009c4       __imp__wcsstr              100a49c4     MSVCRTD:MSVCR80D.dll
 0005:000009c8       __imp___wcsicmp            100a49c8     MSVCRTD:MSVCR80D.dll
 0005:000009cc       __imp___vswprintf_c_l      100a49cc     MSVCRTD:MSVCR80D.dll
 0005:000009d0       __imp__wcslen              100a49d0     MSVCRTD:MSVCR80D.dll
 0005:000009d4       __imp_??2@YAPAXI@Z         100a49d4     MSVCRTD:MSVCR80D.dll
 0005:000009d8       __imp_??3@YAXPAX@Z         100a49d8     MSVCRTD:MSVCR80D.dll
 0005:000009dc       __imp__memset              100a49dc     MSVCRTD:MSVCR80D.dll
 0005:000009e0       __imp___CRT_RTC_INITW      100a49e0     MSVCRTD:MSVCR80D.dll
 0005:000009e4       __imp__malloc              100a49e4     MSVCRTD:MSVCR80D.dll
 0005:000009e8       __imp__memcpy              100a49e8     MSVCRTD:MSVCR80D.dll
 0005:000009ec       __imp__memcmp              100a49ec     MSVCRTD:MSVCR80D.dll
 0005:000009f0       __imp____CxxFrameHandler3  100a49f0     MSVCRTD:MSVCR80D.dll
 0005:000009f4       __imp__free                100a49f4     MSVCRTD:MSVCR80D.dll
 0005:000009f8       __imp___snprintf_s         100a49f8     MSVCRTD:MSVCR80D.dll
 0005:000009fc       __imp___errno              100a49fc     MSVCRTD:MSVCR80D.dll
 0005:00000a00       __imp___CrtDbgReport       100a4a00     MSVCRTD:MSVCR80D.dll
 0005:00000a04       __imp__strcpy              100a4a04     MSVCRTD:MSVCR80D.dll
 0005:00000a08       __imp__wcscpy              100a4a08     MSVCRTD:MSVCR80D.dll
 0005:00000a0c       __imp___vsnprintf_s        100a4a0c     MSVCRTD:MSVCR80D.dll
 0005:00000a10       __imp___vsnwprintf_s       100a4a10     MSVCRTD:MSVCR80D.dll
 0005:00000a14       __imp___snwprintf_s        100a4a14     MSVCRTD:MSVCR80D.dll
 0005:00000a18       __imp__wcsncpy_s           100a4a18     MSVCRTD:MSVCR80D.dll
 0005:00000a1c       __imp__calloc              100a4a1c     MSVCRTD:MSVCR80D.dll
 0005:00000a20       __imp__swprintf_s          100a4a20     MSVCRTD:MSVCR80D.dll
 0005:00000a24       \177MSVCR80D_NULL_THUNK_DATA 100a4a24     MSVCRTD:MSVCR80D.dll
 0005:00000a84       __imp__SysAllocString@4    100a4a84     oleaut32:OLEAUT32.dll
 0005:00000a88       __imp__SysFreeString@4     100a4a88     oleaut32:OLEAUT32.dll
 0005:00000a8c       \177OLEAUT32_NULL_THUNK_DATA 100a4a8c     oleaut32:OLEAUT32.dll
 0005:00000ab8       __imp__SetRect@20          100a4ab8     user32:USER32.dll
 0005:00000abc       __imp__GetClientRect@8     100a4abc     user32:USER32.dll
 0005:00000ac0       __imp__MessageBoxA@16      100a4ac0     user32:USER32.dll
 0005:00000ac4       __imp__PeekMessageA@20     100a4ac4     user32:USER32.dll
 0005:00000ac8       __imp__MsgWaitForMultipleObjects@20 100a4ac8     user32:USER32.dll
 0005:00000acc       __imp__PostThreadMessageA@16 100a4acc     user32:USER32.dll
 0005:00000ad0       __imp__RegisterWindowMessageA@4 100a4ad0     user32:USER32.dll
 0005:00000ad4       __imp__GetQueueStatus@4    100a4ad4     user32:USER32.dll
 0005:00000ad8       __imp__GetSystemMetrics@4  100a4ad8     user32:USER32.dll
 0005:00000adc       __imp__GetWindowRect@8     100a4adc     user32:USER32.dll
 0005:00000ae0       __imp__GetWindowPlacement@8 100a4ae0     user32:USER32.dll
 0005:00000ae4       __imp__IsIconic@4          100a4ae4     user32:USER32.dll
 0005:00000ae8       __imp__SystemParametersInfoA@16 100a4ae8     user32:USER32.dll
 0005:00000aec       __imp__IntersectRect@12    100a4aec     user32:USER32.dll
 0005:00000af0       __imp__OffsetRect@12       100a4af0     user32:USER32.dll
 0005:00000af4       __imp__DispatchMessageA@4  100a4af4     user32:USER32.dll
 0005:00000af8       \177USER32_NULL_THUNK_DATA 100a4af8     user32:USER32.dll
 0005:00000b30       __imp__timeGetTime@0       100a4b30     winmm:WINMM.dll
 0005:00000b34       __imp__timeSetEvent@20     100a4b34     winmm:WINMM.dll
 0005:00000b38       \177WINMM_NULL_THUNK_DATA  100a4b38     winmm:WINMM.dll
 0005:00000b64       __imp__Direct3DCreate9@4   100a4b64     d3d9:d3d9.dll
 0005:00000b68       \177d3d9_NULL_THUNK_DATA   100a4b68     d3d9:d3d9.dll
 0005:00000b94       __imp__StringFromGUID2@12  100a4b94     ole32:ole32.dll
 0005:00000b98       __imp__CoUninitialize@0    100a4b98     ole32:ole32.dll
 0005:00000b9c       __imp__CoTaskMemFree@4     100a4b9c     ole32:ole32.dll
 0005:00000ba0       __imp__CoInitialize@4      100a4ba0     ole32:ole32.dll
 0005:00000ba4       __imp__CoCreateInstance@20 100a4ba4     ole32:ole32.dll
 0005:00000ba8       __imp__GetRunningObjectTable@8 100a4ba8     ole32:ole32.dll
 0005:00000bac       __imp__CreateItemMoniker@12 100a4bac     ole32:ole32.dll
 0005:00000bb0       __imp__CoFreeUnusedLibraries@0 100a4bb0     ole32:ole32.dll
 0005:00000bb4       __imp__CoTaskMemAlloc@4    100a4bb4     ole32:ole32.dll
 0005:00000bb8       \177ole32_NULL_THUNK_DATA  100a4bb8     ole32:ole32.dll

 entry point at        0002:000007e9

